Component: ARM Compiler 6.9 Tool: armlink [5ced1b00]

==============================================================================

Memory Map of the image

  Image Entry point : 0x080000ed

  Load Region LR_IROM1 (Base: 0x08000000, Size: 0x0000e998, Max: 0x00020000, ABSOLUTE)

    Execution Region ER_IROM1 (Base: 0x08000000, Size: 0x0000e87c, Max: 0x00020000, ABSOLUTE)

    Base Addr    Size         Type   Attr      Idx    E Section Name        Object

    0x08000000   0x000000ec   Data   RO        22393    RESET               BUILD/NUCLEO_F103RB/ARM/mbed-os/targets/TARGET_STM/TARGET_STM32F1/TARGET_NUCLEO_F103RB/device/TOOLCHAIN_ARM_STD/startup_stm32f103xb.o
    0x080000ec   0x00000008   Code   RO        24798  * !!!main             C:\Keil_v5\ARM\ARMCLANG\bin\..\lib\armlib\c_w.l(__main.o)
    0x080000f4   0x00000034   Code   RO        25476    !!!scatter          C:\Keil_v5\ARM\ARMCLANG\bin\..\lib\armlib\c_w.l(__scatter.o)
    0x08000128   0x0000001a   Code   RO        25478    !!handler_copy      C:\Keil_v5\ARM\ARMCLANG\bin\..\lib\armlib\c_w.l(__scatter_copy.o)
    0x08000142   0x00000002   PAD
    0x08000144   0x0000001c   Code   RO        25480    !!handler_zi        C:\Keil_v5\ARM\ARMCLANG\bin\..\lib\armlib\c_w.l(__scatter_zi.o)
    0x08000160   0x00000000   Code   RO        24669    .ARM.Collect$$_printf_percent$$00000000  C:\Keil_v5\ARM\ARMCLANG\bin\..\lib\armlib\c_w.l(_printf_percent.o)
    0x08000160   0x00000006   Code   RO        25025    .ARM.Collect$$_printf_percent$$00000001  C:\Keil_v5\ARM\ARMCLANG\bin\..\lib\armlib\c_w.l(_printf_n.o)
    0x08000166   0x00000006   Code   RO        24664    .ARM.Collect$$_printf_percent$$00000002  C:\Keil_v5\ARM\ARMCLANG\bin\..\lib\armlib\c_w.l(_printf_p.o)
    0x0800016c   0x00000006   Code   RO        24668    .ARM.Collect$$_printf_percent$$00000003  C:\Keil_v5\ARM\ARMCLANG\bin\..\lib\armlib\c_w.l(_printf_f.o)
    0x08000172   0x00000006   Code   RO        25027    .ARM.Collect$$_printf_percent$$00000004  C:\Keil_v5\ARM\ARMCLANG\bin\..\lib\armlib\c_w.l(_printf_e.o)
    0x08000178   0x00000006   Code   RO        25028    .ARM.Collect$$_printf_percent$$00000005  C:\Keil_v5\ARM\ARMCLANG\bin\..\lib\armlib\c_w.l(_printf_g.o)
    0x0800017e   0x00000006   Code   RO        25029    .ARM.Collect$$_printf_percent$$00000006  C:\Keil_v5\ARM\ARMCLANG\bin\..\lib\armlib\c_w.l(_printf_a.o)
    0x08000184   0x0000000a   Code   RO        25034    .ARM.Collect$$_printf_percent$$00000007  C:\Keil_v5\ARM\ARMCLANG\bin\..\lib\armlib\c_w.l(_printf_ll.o)
    0x0800018e   0x00000006   Code   RO        24665    .ARM.Collect$$_printf_percent$$00000008  C:\Keil_v5\ARM\ARMCLANG\bin\..\lib\armlib\c_w.l(_printf_i.o)
    0x08000194   0x00000006   Code   RO        24666    .ARM.Collect$$_printf_percent$$00000009  C:\Keil_v5\ARM\ARMCLANG\bin\..\lib\armlib\c_w.l(_printf_d.o)
    0x0800019a   0x00000006   Code   RO        24667    .ARM.Collect$$_printf_percent$$0000000A  C:\Keil_v5\ARM\ARMCLANG\bin\..\lib\armlib\c_w.l(_printf_u.o)
    0x080001a0   0x00000006   Code   RO        25026    .ARM.Collect$$_printf_percent$$0000000B  C:\Keil_v5\ARM\ARMCLANG\bin\..\lib\armlib\c_w.l(_printf_o.o)
    0x080001a6   0x00000006   Code   RO        24663    .ARM.Collect$$_printf_percent$$0000000C  C:\Keil_v5\ARM\ARMCLANG\bin\..\lib\armlib\c_w.l(_printf_x.o)
    0x080001ac   0x00000006   Code   RO        25031    .ARM.Collect$$_printf_percent$$0000000D  C:\Keil_v5\ARM\ARMCLANG\bin\..\lib\armlib\c_w.l(_printf_lli.o)
    0x080001b2   0x00000006   Code   RO        25032    .ARM.Collect$$_printf_percent$$0000000E  C:\Keil_v5\ARM\ARMCLANG\bin\..\lib\armlib\c_w.l(_printf_lld.o)
    0x080001b8   0x00000006   Code   RO        25033    .ARM.Collect$$_printf_percent$$0000000F  C:\Keil_v5\ARM\ARMCLANG\bin\..\lib\armlib\c_w.l(_printf_llu.o)
    0x080001be   0x00000006   Code   RO        25038    .ARM.Collect$$_printf_percent$$00000010  C:\Keil_v5\ARM\ARMCLANG\bin\..\lib\armlib\c_w.l(_printf_llo.o)
    0x080001c4   0x00000006   Code   RO        25039    .ARM.Collect$$_printf_percent$$00000011  C:\Keil_v5\ARM\ARMCLANG\bin\..\lib\armlib\c_w.l(_printf_llx.o)
    0x080001ca   0x0000000a   Code   RO        25035    .ARM.Collect$$_printf_percent$$00000012  C:\Keil_v5\ARM\ARMCLANG\bin\..\lib\armlib\c_w.l(_printf_l.o)
    0x080001d4   0x00000006   Code   RO        24661    .ARM.Collect$$_printf_percent$$00000013  C:\Keil_v5\ARM\ARMCLANG\bin\..\lib\armlib\c_w.l(_printf_c.o)
    0x080001da   0x00000006   Code   RO        24662    .ARM.Collect$$_printf_percent$$00000014  C:\Keil_v5\ARM\ARMCLANG\bin\..\lib\armlib\c_w.l(_printf_s.o)
    0x080001e0   0x00000006   Code   RO        25036    .ARM.Collect$$_printf_percent$$00000015  C:\Keil_v5\ARM\ARMCLANG\bin\..\lib\armlib\c_w.l(_printf_lc.o)
    0x080001e6   0x00000006   Code   RO        25037    .ARM.Collect$$_printf_percent$$00000016  C:\Keil_v5\ARM\ARMCLANG\bin\..\lib\armlib\c_w.l(_printf_ls.o)
[...]
    0x08003298   0x00000006   Code   RO        22274    .text.OS_Tick_GetIRQn  BUILD/NUCLEO_F103RB/ARM/mbed-os/rtos/source/TARGET_CORTEX/rtx5/Source/os_systick.o
    0x0800329e   0x00000048   Code   RO        22266    .text.OS_Tick_Setup  BUILD/NUCLEO_F103RB/ARM/mbed-os/rtos/source/TARGET_CORTEX/rtx5/Source/os_systick.o
    0x080032e6   0x00000006   Code   RO        23028    .text.PWR_OverloadWfe  BUILD/NUCLEO_F103RB/ARM/mbed-os/targets/TARGET_STM/TARGET_STM32F1/device/stm32f1xx_hal_pwr.o
    0x080032ec   0x00000034   Code   RO        23087    .text.RTC_EnterInitMode  BUILD/NUCLEO_F103RB/ARM/mbed-os/targets/TARGET_STM/TARGET_STM32F1/device/stm32f1xx_hal_rtc.o
    0x08003320   0x00000034   Code   RO        23089    .text.RTC_ExitInitMode  BUILD/NUCLEO_F103RB/ARM/mbed-os/targets/TARGET_STM/TARGET_STM32F1/device/stm32f1xx_hal_rtc.o
    0x08003354   0x00000022   Code   RO        23103    .text.RTC_ReadTimeCounter  BUILD/NUCLEO_F103RB/ARM/mbed-os/targets/TARGET_STM/TARGET_STM32F1/device/stm32f1xx_hal_rtc.o
    0x08003376   0x00000028   Code   RO        23097    .text.RTC_WriteTimeCounter  BUILD/NUCLEO_F103RB/ARM/mbed-os/targets/TARGET_STM/TARGET_STM32F1/device/stm32f1xx_hal_rtc.o
    0x0800339e   0x00000002   PAD
    0x080033a0   0x0000002c   Code   RO        22399    .text.SetSysClock   BUILD/NUCLEO_F103RB/ARM/mbed-os/targets/TARGET_STM/TARGET_STM32F1/TARGET_NUCLEO_F103RB/device/system_clock.o
    0x080033cc   0x0000005c   Code   RO        22401    .text.SetSysClock_PLL_HSE  BUILD/NUCLEO_F103RB/ARM/mbed-os/targets/TARGET_STM/TARGET_STM32F1/TARGET_NUCLEO_F103RB/device/system_clock.o
    0x08003428   0x0000004c   Code   RO        22403    .text.SetSysClock_PLL_HSI  BUILD/NUCLEO_F103RB/ARM/mbed-os/targets/TARGET_STM/TARGET_STM32F1/TARGET_NUCLEO_F103RB/device/system_clock.o
    0x08003474   0x00000104   Code   RO        24166    .text.Set_GPIO_Clock  BUILD/NUCLEO_F103RB/ARM/mbed-os/targets/TARGET_STM/gpio_api.o
    0x08003578   0x0000006a   Code   RO        24036    .text.SystemCoreClockUpdate  BUILD/NUCLEO_F103RB/ARM/mbed-os/targets/TARGET_STM/TARGET_STM32F1/device/system_stm32f1xx.o
    0x080035e2   0x00000050   Code   RO        22397    .text.SystemInit    BUILD/NUCLEO_F103RB/ARM/mbed-os/targets/TARGET_STM/TARGET_STM32F1/TARGET_NUCLEO_F103RB/device/system_clock.o
    0x08003632   0x0000006e   Code   RO        23357    .text.TIM_Base_SetConfig  BUILD/NUCLEO_F103RB/ARM/mbed-os/targets/TARGET_STM/TARGET_STM32F1/device/stm32f1xx_hal_tim.o
    0x080036a0   0x0000006a   Code   RO        22192    .text.ThreadFlagsCheck  BUILD/NUCLEO_F103RB/ARM/mbed-os/rtos/source/TARGET_CORTEX/rtx5/RTX/Source/rtx_thread.o
    0x0800370a   0x00000054   Code   RO        22251    .text.TimerInsert   BUILD/NUCLEO_F103RB/ARM/mbed-os/rtos/source/TARGET_CORTEX/rtx5/RTX/Source/rtx_timer.o
    0x0800375e   0x0000018c   Code   RO        23628    .text.UART_SetConfig  BUILD/NUCLEO_F103RB/ARM/mbed-os/targets/TARGET_STM/TARGET_STM32F1/device/stm32f1xx_hal_uart.o
    0x080038ea   0x00000004   Code   RO        24152    .text.USB_HP_CAN1_TX_IRQHandler  BUILD/NUCLEO_F103RB/ARM/mbed-os/targets/TARGET_STM/can_api.o
    0x080038ee   0x00000004   Code   RO        24148    .text.USB_LP_CAN1_RX0_IRQHandler  BUILD/NUCLEO_F103RB/ARM/mbed-os/targets/TARGET_STM/can_api.o
    0x080038f2   0x000001de   Code   RO          170    .text._GLOBAL__sub_I_main.cpp  BUILD/NUCLEO_F103RB/ARM/main.o
    0x08003ad0   0x00000318   Code   RO          148    .text._Z10parse_dataPc  BUILD/NUCLEO_F103RB/ARM/main.o
    0x08003de8   0x00000148   Code   RO          144    .text._Z11stringToIntNSt3__112basic_stringIcNS_11char_traitsIcEENS_9allocatorIcEEEE  BUILD/NUCLEO_F103RB/ARM/main.o
    0x08003f30   0x00000050   Code   RO          146    .text._Z12print_device8device_t  BUILD/NUCLEO_F103RB/ARM/main.o
    0x08003f80   0x000000dc   Code   RO          140    .text._Z22reset_reason_to_string14reset_reason_t  BUILD/NUCLEO_F103RB/ARM/main.o
    0x0800405c   0x00000174   Code   RO          154    .text._Z3pub8device_t  BUILD/NUCLEO_F103RB/ARM/main.o
    0x080041d0   0x00000074   Code   RO          164    .text._Z3subv       BUILD/NUCLEO_F103RB/ARM/main.o
    0x08004244   0x00000028   Code   RO          166    .text._Z5checkv     BUILD/NUCLEO_F103RB/ARM/main.o
    0x0800426c   0x00000074   Code   RO          150    .text._Z6nrf_rxv    BUILD/NUCLEO_F103RB/ARM/main.o
    0x080042e0   0x00000140   Code   RO          156    .text._Z6updatev    BUILD/NUCLEO_F103RB/ARM/main.o
    0x08004420   0x000000ee   Code   RO          158    .text._Z7connectv   BUILD/NUCLEO_F103RB/ARM/main.o
    0x0800450e   0x0000000e   Code   RO          160    .text._Z8onPacketPc  BUILD/NUCLEO_F103RB/ARM/main.o
    0x0800451c   0x00000040   Code   RO          162    .text._Z9onMessageiNSt3__112basic_stringIcNS_11char_traitsIcEENS_9allocatorIcEEEES5_  BUILD/NUCLEO_F103RB/ARM/main.o
    0x0800455c   0x0000001a   Code   RO        21754    .text._ZL17default_idle_hookv  BUILD/NUCLEO_F103RB/ARM/mbed-os/rtos/source/TARGET_CORTEX/mbed_rtx_idle.o
    0x08004576   0x00000064   Code   RO        21323    .text._ZL18reserve_filehandlev  BUILD/NUCLEO_F103RB/ARM/mbed-os/platform/source/mbed_retarget.o
    0x080045da   0x00000010   Code   RO        20710    .text._ZN10CThunkBase11cthunk_freeEPFvvE  BUILD/NUCLEO_F103RB/ARM/mbed-os/platform/source/CThunkBase.o
    0x080045ea   0x0000001c   Code   RO        21307    .text._ZN12DirectSerial4readEPvj  BUILD/NUCLEO_F103RB/ARM/mbed-os/platform/source/mbed_retarget.o
    0x08004606   0x00000006   Code   RO        21479    .text._ZN12DirectSerial4seekEli  BUILD/NUCLEO_F103RB/ARM/mbed-os/platform/source/mbed_retarget.o
    0x0800460c   0x00000006   Code   RO        21485    .text._ZN12DirectSerial4sizeEv  BUILD/NUCLEO_F103RB/ARM/mbed-os/platform/source/mbed_retarget.o
    0x08004612   0x00000004   Code   RO        21481    .text._ZN12DirectSerial5closeEv  BUILD/NUCLEO_F103RB/ARM/mbed-os/platform/source/mbed_retarget.o
    0x08004616   0x00000028   Code   RO        21305    .text._ZN12DirectSerial5writeEPKvj  BUILD/NUCLEO_F103RB/ARM/mbed-os/platform/source/mbed_retarget.o
    0x0800463e   0x00000004   Code   RO        21483    .text._ZN12DirectSerial6isattyEv  BUILD/NUCLEO_F103RB/ARM/mbed-os/platform/source/mbed_retarget.o
    0x08004642   0x00000038   Code   RO        21303    .text._ZN12DirectSerialC2E7PinNameS0_i  BUILD/NUCLEO_F103RB/ARM/mbed-os/platform/source/mbed_retarget.o
    0x0800467a   0x00000004   Code   RO        21477    .text._ZN12DirectSerialD0Ev  BUILD/NUCLEO_F103RB/ARM/mbed-os/platform/source/mbed_retarget.o
    0x0800467e   0x00000038   Code   RO           89    .text._ZN13PacketHandler14checkForPacketEv  BUILD/NUCLEO_F103RB/ARM/PacketHandler/PacketHandler.o
    0x080046b6   0x00000034   Code   RO           87    .text._ZN13PacketHandler2rxEv  BUILD/NUCLEO_F103RB/ARM/PacketHandler/PacketHandler.o
    0x080046ea   0x0000000a   Code   RO           85    .text._ZN13PacketHandlerC2Ei  BUILD/NUCLEO_F103RB/ARM/PacketHandler/PacketHandler.o
    0x080046f4   0x00000066   Code   RO          130    .text._ZN13SerialHandler15setReceiveParamENSt3__112basic_stringIcNS0_11char_traitsIcEENS0_9allocatorIcEEEEi  BUILD/NUCLEO_F103RB/ARM/SerialHandler/SerialHandler.o
    0x0800475a   0x0000011c   Code   RO          134    .text._ZN13SerialHandler21sendCmdAndWaitForRespEPcS0_ii  BUILD/NUCLEO_F103RB/ARM/SerialHandler/SerialHandler.o
    0x08004876   0x000000b4   Code   RO          128    .text._ZN13SerialHandler2rxEv  BUILD/NUCLEO_F103RB/ARM/SerialHandler/SerialHandler.o
    0x0800492a   0x0000000c   Code   RO          132    .text._ZN13SerialHandler7sendCmdEPc  BUILD/NUCLEO_F103RB/ARM/SerialHandler/SerialHandler.o
    0x08004936   0x00000010   Code   RO          126    .text._ZN13SerialHandlerC2Ei  BUILD/NUCLEO_F103RB/ARM/SerialHandler/SerialHandler.o
    0x08004946   0x0000002c   Code   RO          198    .text._ZN13SerialHandlerD2Ev  BUILD/NUCLEO_F103RB/ARM/main.o
    0x08004972   0x00000006   Code   RO         1499    .text._ZN4mbed10FileHandle12enable_inputEb  BUILD/NUCLEO_F103RB/ARM/mbed-os/drivers/source/Serial.o
    0x08004978   0x0000000c   Code   RO         1495    .text._ZN4mbed10FileHandle12set_blockingEb  BUILD/NUCLEO_F103RB/ARM/mbed-os/drivers/source/Serial.o
    0x08004984   0x00000006   Code   RO         1501    .text._ZN4mbed10FileHandle13enable_outputEb  BUILD/NUCLEO_F103RB/ARM/mbed-os/drivers/source/Serial.o
    0x0800498a   0x00000006   Code   RO         1493    .text._ZN4mbed10FileHandle4flenEv  BUILD/NUCLEO_F103RB/ARM/mbed-os/drivers/source/Serial.o
    0x08004990   0x00000004   Code   RO        20807    .text._ZN4mbed10FileHandle4syncEv  BUILD/NUCLEO_F103RB/ARM/mbed-os/platform/source/FileHandle.o
    0x08004994   0x0000000a   Code   RO         1742    .text._ZN4mbed10FileHandle4tellEv  BUILD/NUCLEO_F103RB/ARM/mbed-os/drivers/source/UARTSerial.o
    0x0800499e   0x00000006   Code   RO         1491    .text._ZN4mbed10FileHandle5fsyncEv  BUILD/NUCLEO_F103RB/ARM/mbed-os/drivers/source/Serial.o
    0x080049a4   0x00000006   Code   RO         1489    .text._ZN4mbed10FileHandle5lseekEli  BUILD/NUCLEO_F103RB/ARM/mbed-os/drivers/source/Serial.o
    0x080049aa   0x00000002   Code   RO         1505    .text._ZN4mbed10FileHandle5sigioENS_8CallbackIFvvEEE  BUILD/NUCLEO_F103RB/ARM/mbed-os/drivers/source/Serial.o
    0x080049ac   0x0000000a   Code   RO         1744    .text._ZN4mbed10FileHandle6rewindEv  BUILD/NUCLEO_F103RB/ARM/mbed-os/drivers/source/UARTSerial.o
    0x080049b6   0x00000006   Code   RO         1487    .text._ZN4mbed10FileHandle8truncateEl  BUILD/NUCLEO_F103RB/ARM/mbed-os/drivers/source/Serial.o
    0x080049bc   0x00000002   Code   RO        20803    .text._ZN4mbed10FileHandleD2Ev  BUILD/NUCLEO_F103RB/ARM/mbed-os/platform/source/FileHandle.o
    0x080049be   0x00000006   Code   RO         1526    .text._ZN4mbed10SerialBase10_base_getcEv  BUILD/NUCLEO_F103RB/ARM/mbed-os/drivers/source/SerialBase.o
    0x080049c4   0x0000000e   Code   RO         1528    .text._ZN4mbed10SerialBase10_base_putcEi  BUILD/NUCLEO_F103RB/ARM/mbed-os/drivers/source/SerialBase.o
    0x080049d2   0x00000012   Code   RO         1514    .text._ZN4mbed10SerialBase12_irq_handlerEj9SerialIrq  BUILD/NUCLEO_F103RB/ARM/mbed-os/drivers/source/SerialBase.o
    0x080049e4   0x00000002   Code   RO         1536    .text._ZN4mbed10SerialBase4lockEv  BUILD/NUCLEO_F103RB/ARM/mbed-os/drivers/source/SerialBase.o
    0x080049e6   0x00000080   Code   RO         1524    .text._ZN4mbed10SerialBase6attachENS_8CallbackIFvvEEENS0_7IrqTypeE  BUILD/NUCLEO_F103RB/ARM/mbed-os/drivers/source/SerialBase.o
    0x08004a66   0x00000002   Code   RO         1538    .text._ZN4mbed10SerialBase6unlockEv  BUILD/NUCLEO_F103RB/ARM/mbed-os/drivers/source/SerialBase.o
    0x08004a68   0x00000024   Code   RO         1520    .text._ZN4mbed10SerialBase8readableEv  BUILD/NUCLEO_F103RB/ARM/mbed-os/drivers/source/SerialBase.o
    0x08004a8c   0x0000009c   Code   RO         1512    .text._ZN4mbed10SerialBaseC2E7PinNameS1_i  BUILD/NUCLEO_F103RB/ARM/mbed-os/drivers/source/SerialBase.o
    0x08004b28   0x0000000e   Code   RO         1542    .text._ZN4mbed10SerialBaseD0Ev  BUILD/NUCLEO_F103RB/ARM/mbed-os/drivers/source/SerialBase.o
    0x08004b36   0x0000007c   Code   RO         1540    .text._ZN4mbed10SerialBaseD2Ev  BUILD/NUCLEO_F103RB/ARM/mbed-os/drivers/source/SerialBase.o
    0x08004bb2   0x00000056   Code   RO         1358    .text._ZN4mbed11ResetReason3getEv  BUILD/NUCLEO_F103RB/ARM/mbed-os/drivers/source/ResetReason.o
    0x08004c08   0x0000004e   Code   RO         1360    .text._ZN4mbed11ResetReason7get_rawEv  BUILD/NUCLEO_F103RB/ARM/mbed-os/drivers/source/ResetReason.o
    0x08004c56   0x0000008c   Code   RO        21319    .text._ZN4mbed16mbed_file_handleEi  BUILD/NUCLEO_F103RB/ARM/mbed-os/platform/source/mbed_retarget.o
    0x08004ce2   0x00000004   Code   RO        21317    .text._ZN4mbed21mbed_override_consoleEi  BUILD/NUCLEO_F103RB/ARM/mbed-os/platform/source/mbed_retarget.o
    0x08004ce6   0x00000004   Code   RO        21315    .text._ZN4mbed28mbed_target_override_consoleEi  BUILD/NUCLEO_F103RB/ARM/mbed-os/platform/source/mbed_retarget.o
    0x08004cea   0x00000016   Code   RO          226    .text._ZN4mbed8CallbackIFvvEE13function_callINS2_14method_contextI13PacketHandlerMS5_FvvEEEEEvPKv  BUILD/NUCLEO_F103RB/ARM/main.o
    0x08004d00   0x00000016   Code   RO          220    .text._ZN4mbed8CallbackIFvvEE13function_callINS2_14method_contextI13SerialHandlerMS5_FvvEEEEEvPKv  BUILD/NUCLEO_F103RB/ARM/main.o
    0x08004d16   0x00000016   Code   RO          240    .text._ZN4mbed8CallbackIFvvEE13function_callINS2_14method_contextI8GSM_MQTTMS5_FvvEEEEEvPKv  BUILD/NUCLEO_F103RB/ARM/main.o
    0x08004d2c   0x00000004   Code   RO          214    .text._ZN4mbed8CallbackIFvvEE13function_callIPS1_EEvPKv  BUILD/NUCLEO_F103RB/ARM/main.o
    0x08004d30   0x00000002   Code   RO          230    .text._ZN4mbed8CallbackIFvvEE13function_dtorINS2_14method_contextI13PacketHandlerMS5_FvvEEEEEvPv  BUILD/NUCLEO_F103RB/ARM/main.o
    0x08004d32   0x00000002   Code   RO          224    .text._ZN4mbed8CallbackIFvvEE13function_dtorINS2_14method_contextI13SerialHandlerMS5_FvvEEEEEvPv  BUILD/NUCLEO_F103RB/ARM/main.o
    0x08004d34   0x00000002   Code   RO          244    .text._ZN4mbed8CallbackIFvvEE13function_dtorINS2_14method_contextI8GSM_MQTTMS5_FvvEEEEEvPv  BUILD/NUCLEO_F103RB/ARM/main.o
    0x08004d36   0x00000002   Code   RO          218    .text._ZN4mbed8CallbackIFvvEE13function_dtorIPS1_EEvPv  BUILD/NUCLEO_F103RB/ARM/main.o
    0x08004d38   0x0000000e   Code   RO          228    .text._ZN4mbed8CallbackIFvvEE13function_moveINS2_14method_contextI13PacketHandlerMS5_FvvEEEEEvPvPKv  BUILD/NUCLEO_F103RB/ARM/main.o
    0x08004d46   0x0000000e   Code   RO          222    .text._ZN4mbed8CallbackIFvvEE13function_moveINS2_14method_contextI13SerialHandlerMS5_FvvEEEEEvPvPKv  BUILD/NUCLEO_F103RB/ARM/main.o
    0x08004d54   0x0000000e   Code   RO          242    .text._ZN4mbed8CallbackIFvvEE13function_moveINS2_14method_contextI8GSM_MQTTMS5_FvvEEEEEvPvPKv  BUILD/NUCLEO_F103RB/ARM/main.o
    0x08004d62   0x00000006   Code   RO          216    .text._ZN4mbed8CallbackIFvvEE13function_moveIPS1_EEvPvPKv  BUILD/NUCLEO_F103RB/ARM/main.o
    0x08004d68   0x00000032   Code   RO          933    .text._ZN4mbed8CallbackIFvvEEaSERKS2_  BUILD/NUCLEO_F103RB/ARM/mbed-os/components/wifi/esp8266-driver/ESP8266/ESP8266.o
    0x08004d9a   0x00000004   Code   RO        20783    .text._ZN4mbed8FileBase11getPathTypeEv  BUILD/NUCLEO_F103RB/ARM/mbed-os/platform/source/FileBase.o
    0x08004d9e   0x00000002   PAD
    0x08004da0   0x000000a4   Code   RO        20789    .text._ZN4mbed8FileBase6lookupEPKcj  BUILD/NUCLEO_F103RB/ARM/mbed-os/platform/source/FileBase.o
    0x08004e44   0x0000001e   Code   RO        20818    .text._ZN4mbed8FilePath10fileSystemEv  BUILD/NUCLEO_F103RB/ARM/mbed-os/platform/source/FilePath.o
    0x08004e62   0x0000001c   Code   RO        20822    .text._ZN4mbed8FilePath4fileEv  BUILD/NUCLEO_F103RB/ARM/mbed-os/platform/source/FilePath.o
    0x08004e7e   0x0000000a   Code   RO        20824    .text._ZN4mbed8FilePath6existsEv  BUILD/NUCLEO_F103RB/ARM/mbed-os/platform/source/FilePath.o
    0x08004e88   0x00000016   Code   RO        20820    .text._ZN4mbed8FilePath6isFileEv  BUILD/NUCLEO_F103RB/ARM/mbed-os/platform/source/FilePath.o
    0x08004e9e   0x00000004   Code   RO        20814    .text._ZN4mbed8FilePath8fileNameEv  BUILD/NUCLEO_F103RB/ARM/mbed-os/platform/source/FilePath.o
    0x08004ea2   0x00000002   PAD
    0x08004ea4   0x00000080   Code   RO        20812    .text._ZN4mbed8FilePathC2EPKc  BUILD/NUCLEO_F103RB/ARM/mbed-os/platform/source/FilePath.o
    0x08004f24   0x00000062   Code   RO          196    .text._ZN4mbed8Watchdog12get_instanceEv  BUILD/NUCLEO_F103RB/ARM/main.o
    0x08004f86   0x00000012   Code   RO         1770    .text._ZN4mbed8Watchdog4kickEv  BUILD/NUCLEO_F103RB/ARM/mbed-os/drivers/source/Watchdog.o
    0x08004f98   0x00000090   Code   RO         1762    .text._ZN4mbed8Watchdog5startEj  BUILD/NUCLEO_F103RB/ARM/mbed-os/drivers/source/Watchdog.o
    0x08005028   0x00000018   Code   RO         1766    .text._ZN4mbed8Watchdog5startEv  BUILD/NUCLEO_F103RB/ARM/mbed-os/drivers/source/Watchdog.o
    0x08005040   0x00000006   Code   RO         1758    .text._ZN4mbed8WatchdogC2Ev  BUILD/NUCLEO_F103RB/ARM/mbed-os/drivers/source/Watchdog.o
    0x08005046   0x00000002   Code   RO         1760    .text._ZN4mbed8WatchdogD2Ev  BUILD/NUCLEO_F103RB/ARM/mbed-os/drivers/source/Watchdog.o
    0x08005048   0x00000020   Code   RO         1340    .text._ZN4mbed9RawSerial4getcEv  BUILD/NUCLEO_F103RB/ARM/mbed-os/drivers/source/RawSerial.o
    0x08005068   0x00000002   Code   RO         1350    .text._ZN4mbed9RawSerial4lockEv  BUILD/NUCLEO_F103RB/ARM/mbed-os/drivers/source/RawSerial.o
    0x0800506a   0x00000024   Code   RO         1342    .text._ZN4mbed9RawSerial4putcEi  BUILD/NUCLEO_F103RB/ARM/mbed-os/drivers/source/RawSerial.o
    0x0800508e   0x00000040   Code   RO         1344    .text._ZN4mbed9RawSerial4putsEPKc  BUILD/NUCLEO_F103RB/ARM/mbed-os/drivers/source/RawSerial.o
    0x080050ce   0x0000001c   Code   RO         1346    .text._ZN4mbed9RawSerial6printfEPKcz  BUILD/NUCLEO_F103RB/ARM/mbed-os/drivers/source/RawSerial.o
    0x080050ea   0x00000002   Code   RO         1352    .text._ZN4mbed9RawSerial6unlockEv  BUILD/NUCLEO_F103RB/ARM/mbed-os/drivers/source/RawSerial.o
    0x080050ec   0x0000006e   Code   RO         1348    .text._ZN4mbed9RawSerial7vprintfEPKcSt9__va_list  BUILD/NUCLEO_F103RB/ARM/mbed-os/drivers/source/RawSerial.o
    0x0800515a   0x00000014   Code   RO         1338    .text._ZN4mbed9RawSerialC2E7PinNameS1_i  BUILD/NUCLEO_F103RB/ARM/mbed-os/drivers/source/RawSerial.o
    0x0800516e   0x0000000e   Code   RO         1355    .text._ZN4mbed9RawSerialD0Ev  BUILD/NUCLEO_F103RB/ARM/mbed-os/drivers/source/RawSerial.o
    0x0800517c   0x0000005c   Code   RO        21588    .text._ZN4rtos10EventFlags11constructorEPKc  BUILD/NUCLEO_F103RB/ARM/mbed-os/rtos/source/EventFlags.o
    0x080051d8   0x00000006   Code   RO        21592    .text._ZN4rtos10EventFlags3setEj  BUILD/NUCLEO_F103RB/ARM/mbed-os/rtos/source/EventFlags.o
    0x080051de   0x00000014   Code   RO        21602    .text._ZN4rtos10EventFlags8wait_anyEjjb  BUILD/NUCLEO_F103RB/ARM/mbed-os/rtos/source/EventFlags.o
    0x080051f2   0x0000000c   Code   RO        21590    .text._ZN4rtos10EventFlagsC2EPKc  BUILD/NUCLEO_F103RB/ARM/mbed-os/rtos/source/EventFlags.o
    0x080051fe   0x0000000e   Code   RO        21604    .text._ZN4rtos10EventFlagsD2Ev  BUILD/NUCLEO_F103RB/ARM/mbed-os/rtos/source/EventFlags.o
    0x0800520c   0x0000002c   Code   RO        22307    .text._ZN4rtos10ThisThread9sleep_forEj  BUILD/NUCLEO_F103RB/ARM/mbed-os/rtos/source/ThisThread.o
    0x08005238   0x000000a4   Code   RO        21618    .text._ZN4rtos5Mutex11constructorEPKc  BUILD/NUCLEO_F103RB/ARM/mbed-os/rtos/source/Mutex.o
    0x080052dc   0x00000042   Code   RO        21622    .text._ZN4rtos5Mutex4lockEv  BUILD/NUCLEO_F103RB/ARM/mbed-os/rtos/source/Mutex.o
    0x0800531e   0x00000002   PAD
    0x08005320   0x0000004c   Code   RO        21632    .text._ZN4rtos5Mutex6unlockEv  BUILD/NUCLEO_F103RB/ARM/mbed-os/rtos/source/Mutex.o
    0x0800536c   0x0000000e   Code   RO        21616    .text._ZN4rtos5MutexC2Ev  BUILD/NUCLEO_F103RB/ARM/mbed-os/rtos/source/Mutex.o
    0x0800537a   0x00000034   Code   RO        21607    .text._ZN4rtos6Kernel12get_ms_countEv  BUILD/NUCLEO_F103RB/ARM/mbed-os/rtos/source/Kernel.o
    0x080053ae   0x0000002e   Code   RO         1569    .text._ZN6CThunkIN4mbed10SerialBaseEE10trampolineEP10CThunkBase  BUILD/NUCLEO_F103RB/ARM/mbed-os/drivers/source/SerialBase.o
    0x080053dc   0x00000094   Code   RO          108    .text._ZN6SIM80011disableEchoEv  BUILD/NUCLEO_F103RB/ARM/SIM800/SIM800.o
    0x08005470   0x000001d8   Code   RO          112    .text._ZN6SIM80015setGPRSSettingsEv  BUILD/NUCLEO_F103RB/ARM/SIM800/SIM800.o
    0x08005648   0x00000158   Code   RO          106    .text._ZN6SIM8005startEv  BUILD/NUCLEO_F103RB/ARM/SIM800/SIM800.o
    0x080057a0   0x00000054   Code   RO          110    .text._ZN6SIM8008checkSimEv  BUILD/NUCLEO_F103RB/ARM/SIM800/SIM800.o
    0x080057f4   0x00000042   Code   RO           98    .text._ZN6SIM800C2E7PinNameS0_  BUILD/NUCLEO_F103RB/ARM/SIM800/SIM800.o
    0x08005836   0x00000066   Code   RO          208    .text._ZN6events10EventQueue10call_everyIN4mbed8CallbackIFvvEEEEEiiT_  BUILD/NUCLEO_F103RB/ARM/main.o
    0x0800589c   0x00000050   Code   RO          210    .text._ZN6events10EventQueue10call_everyIPFvvEEEiiT_  BUILD/NUCLEO_F103RB/ARM/main.o
    0x080058ec   0x00000022   Code   RO         2197    .text._ZN6events10EventQueue13function_callIN4mbed8CallbackIFvvEEEEEvPv  BUILD/NUCLEO_F103RB/ARM/mbed-os/drivers/source/usb/USBCDC_ECM.o
    0x0800590e   0x00000006   Code   RO           95    .text._ZN6events10EventQueue13function_callINS0_7contextIPFvPcEJS3_EEEEEvPv  BUILD/NUCLEO_F103RB/ARM/PacketHandler/PacketHandler.o
    0x08005914   0x00000004   Code   RO          234    .text._ZN6events10EventQueue13function_callIPFvvEEEvPv  BUILD/NUCLEO_F103RB/ARM/main.o
    0x08005918   0x0000000a   Code   RO          236    .text._ZN6events10EventQueue13function_dtorIN4mbed8CallbackIFvvEEEEEvPv  BUILD/NUCLEO_F103RB/ARM/main.o
    0x08005922   0x00000002   Code   RO           93    .text._ZN6events10EventQueue13function_dtorINS0_7contextIPFvPcEJS3_EEEEEvPv  BUILD/NUCLEO_F103RB/ARM/PacketHandler/PacketHandler.o
    0x08005924   0x00000002   Code   RO          232    .text._ZN6events10EventQueue13function_dtorIPFvvEEEvPv  BUILD/NUCLEO_F103RB/ARM/main.o
    0x08005926   0x00000042   Code   RO           91    .text._ZN6events10EventQueue4callINS0_7contextIPFvPcEJS3_EEEEEiT_  BUILD/NUCLEO_F103RB/ARM/PacketHandler/PacketHandler.o
    0x08005968   0x00000048   Code   RO          206    .text._ZN6events10EventQueue7call_inIPFvvEEEiiT_  BUILD/NUCLEO_F103RB/ARM/main.o
    0x080059b0   0x00000004   Code   RO         2802    .text._ZN6events10EventQueue8dispatchEi  BUILD/NUCLEO_F103RB/ARM/mbed-os/events/source/EventQueue.o
    0x080059b4   0x00000028   Code   RO         2798    .text._ZN6events10EventQueueC2EjPh  BUILD/NUCLEO_F103RB/ARM/mbed-os/events/source/EventQueue.o
    0x080059dc   0x00000018   Code   RO         2800    .text._ZN6events10EventQueueD2Ev  BUILD/NUCLEO_F103RB/ARM/mbed-os/events/source/EventQueue.o
    0x080059f4   0x0000003a   Code   RO           24    .text._ZN8GSM_MQTT10publishACKEj  BUILD/NUCLEO_F103RB/ARM/GSM_MQTT/GSM_MQTT.o
    0x08005a2e   0x00000042   Code   RO           28    .text._ZN8GSM_MQTT10publishRELEcj  BUILD/NUCLEO_F103RB/ARM/GSM_MQTT/GSM_MQTT.o
    0x08005a70   0x00000044   Code   RO           12    .text._ZN8GSM_MQTT11_sendLengthEi  BUILD/NUCLEO_F103RB/ARM/GSM_MQTT/GSM_MQTT.o
    0x08005ab4   0x00000328   Code   RO           18    .text._ZN8GSM_MQTT11parsePacketEPc  BUILD/NUCLEO_F103RB/ARM/GSM_MQTT/GSM_MQTT.o
    0x08005ddc   0x0000003a   Code   RO           30    .text._ZN8GSM_MQTT11publishCOMPEj  BUILD/NUCLEO_F103RB/ARM/GSM_MQTT/GSM_MQTT.o
    0x08005e16   0x000000e0   Code   RO           16    .text._ZN8GSM_MQTT11stringToIntENSt3__112basic_stringIcNS0_11char_traitsIcEENS0_9allocatorIcEEEE  BUILD/NUCLEO_F103RB/ARM/GSM_MQTT/GSM_MQTT.o
    0x08005ef6   0x00000040   Code   RO           10    .text._ZN8GSM_MQTT14_sendUTFStringEPc  BUILD/NUCLEO_F103RB/ARM/GSM_MQTT/GSM_MQTT.o
    0x08005f36   0x00000002   PAD
    0x08005f38   0x00000088   Code   RO           22    .text._ZN8GSM_MQTT15printConnectAckEh  BUILD/NUCLEO_F103RB/ARM/GSM_MQTT/GSM_MQTT.o
    0x08005fc0   0x00000132   Code   RO           20    .text._ZN8GSM_MQTT16printMessageTypeEh  BUILD/NUCLEO_F103RB/ARM/GSM_MQTT/GSM_MQTT.o
    0x080060f2   0x00000018   Code   RO           44    .text._ZN8GSM_MQTT18_generateMessageIDEv  BUILD/NUCLEO_F103RB/ARM/GSM_MQTT/GSM_MQTT.o
    0x0800610a   0x0000004a   Code   RO            6    .text._ZN8GSM_MQTT18beginTCPConnectionEv  BUILD/NUCLEO_F103RB/ARM/GSM_MQTT/GSM_MQTT.o
    0x08006154   0x00000070   Code   RO           40    .text._ZN8GSM_MQTT4pingEv  BUILD/NUCLEO_F103RB/ARM/GSM_MQTT/GSM_MQTT.o
    0x080061c4   0x0000013c   Code   RO           14    .text._ZN8GSM_MQTT7connectEccccPcS0_  BUILD/NUCLEO_F103RB/ARM/GSM_MQTT/GSM_MQTT.o
    0x08006300   0x00000088   Code   RO           32    .text._ZN8GSM_MQTT7publishEcccjPcS0_  BUILD/NUCLEO_F103RB/ARM/GSM_MQTT/GSM_MQTT.o
    0x08006388   0x00000594   Code   RO            8    .text._ZN8GSM_MQTT8_tcpInitEv  BUILD/NUCLEO_F103RB/ARM/GSM_MQTT/GSM_MQTT.o
    0x0800691c   0x00000022   Code   RO           42    .text._ZN8GSM_MQTT9keepAliveEv  BUILD/NUCLEO_F103RB/ARM/GSM_MQTT/GSM_MQTT.o
    0x0800693e   0x0000005c   Code   RO           34    .text._ZN8GSM_MQTT9subscribeEcjPcc  BUILD/NUCLEO_F103RB/ARM/GSM_MQTT/GSM_MQTT.o
    0x0800699a   0x00000048   Code   RO            4    .text._ZN8GSM_MQTTC2EPcS0_S0_S0_S0_m  BUILD/NUCLEO_F103RB/ARM/GSM_MQTT/GSM_MQTT.o
    0x080069e2   0x00000018   Code   RO          200    .text._ZN8GSM_MQTTD2Ev  BUILD/NUCLEO_F103RB/ARM/main.o
    0x080069fa   0x0000003e   Code   RO        21309    .text._ZNK12DirectSerial4pollEs  BUILD/NUCLEO_F103RB/ARM/mbed-os/platform/source/mbed_retarget.o
    0x08006a38   0x00000052   Code   RO         1440    .text._ZNK12SingletonPtrIN4rtos5MutexEE3getEv  BUILD/NUCLEO_F103RB/ARM/mbed-os/drivers/source/SPI.o
    0x08006a8a   0x00000004   Code   RO         1497    .text._ZNK4mbed10FileHandle11is_blockingEv  BUILD/NUCLEO_F103RB/ARM/mbed-os/drivers/source/Serial.o
    0x08006a8e   0x0000002e   Code   RO           68    .text._ZNKSt3__112basic_stringIcNS_11char_traitsIcEENS_9allocatorIcEEE4findEcj  BUILD/NUCLEO_F103RB/ARM/GSM_MQTT/GSM_MQTT.o
    0x08006abc   0x00000048   Code   RO          212    .text._ZNSt3__110__list_impI8device_tNS_9allocatorIS1_EEE5clearEv  BUILD/NUCLEO_F103RB/ARM/main.o
    0x08006b04   0x0000000c   Code   RO          202    .text._ZNSt3__110__list_impI8device_tNS_9allocatorIS1_EEED2Ev  BUILD/NUCLEO_F103RB/ARM/main.o
    0x08006b10   0x000000c2   Code   RO           78    .text._ZNSt3__112basic_stringIcNS_11char_traitsIcEENS_9allocatorIcEEE21__grow_by_and_replaceEjjjjjjPKc  BUILD/NUCLEO_F103RB/ARM/GSM_MQTT/GSM_MQTT.o
    0x08006bd2   0x00000064   Code   RO           76    .text._ZNSt3__112basic_stringIcNS_11char_traitsIcEENS_9allocatorIcEEE6assignEPKcj  BUILD/NUCLEO_F103RB/ARM/GSM_MQTT/GSM_MQTT.o
    0x08006c36   0x000000be   Code   RO           74    .text._ZNSt3__112basic_stringIcNS_11char_traitsIcEENS_9allocatorIcEEE7reserveEj  BUILD/NUCLEO_F103RB/ARM/GSM_MQTT/GSM_MQTT.o
    0x08006cf4   0x000000a4   Code   RO           82    .text._ZNSt3__112basic_stringIcNS_11char_traitsIcEENS_9allocatorIcEEE9__grow_byEjjjjjj  BUILD/NUCLEO_F103RB/ARM/GSM_MQTT/GSM_MQTT.o
    0x08006d98   0x0000005e   Code   RO           80    .text._ZNSt3__112basic_stringIcNS_11char_traitsIcEENS_9allocatorIcEEE9push_backEc  BUILD/NUCLEO_F103RB/ARM/GSM_MQTT/GSM_MQTT.o
    0x08006df6   0x00000070   Code   RO           70    .text._ZNSt3__112basic_stringIcNS_11char_traitsIcEENS_9allocatorIcEEEC2ERKS5_  BUILD/NUCLEO_F103RB/ARM/GSM_MQTT/GSM_MQTT.o
    0x08006e66   0x00000082   Code   RO           72    .text._ZNSt3__112basic_stringIcNS_11char_traitsIcEENS_9allocatorIcEEEC2ERKS5_jjRKS4_  BUILD/NUCLEO_F103RB/ARM/GSM_MQTT/GSM_MQTT.o
    0x08006ee8   0x00000028   Code   RO          137    .text._ZNSt3__112basic_stringIcNS_11char_traitsIcEENS_9allocatorIcEEEaSERKS5_  BUILD/NUCLEO_F103RB/ARM/SerialHandler/SerialHandler.o
    0x08006f10   0x00000044   Code   RO          204    .text._ZNSt3__14listI8device_tNS_9allocatorIS1_EEE9push_backERKS1_  BUILD/NUCLEO_F103RB/ARM/main.o
    0x08006f54   0x00000004   Code   RO        21449    .text._ZdaPv        BUILD/NUCLEO_F103RB/ARM/mbed-os/platform/source/mbed_retarget.o
    0x08006f58   0x00000004   Code   RO        21445    .text._ZdlPv        BUILD/NUCLEO_F103RB/ARM/mbed-os/platform/source/mbed_retarget.o
    0x08006f5c   0x00000048   Code   RO        21439    .text._Znaj         BUILD/NUCLEO_F103RB/ARM/mbed-os/platform/source/mbed_retarget.o
    0x08006fa4   0x00000048   Code   RO        21437    .text._Znwj         BUILD/NUCLEO_F103RB/ARM/mbed-os/platform/source/mbed_retarget.o
    0x08006fec   0x00000004   Code   RO        21411    .text.__cxa_atexit  BUILD/NUCLEO_F103RB/ARM/mbed-os/platform/source/mbed_retarget.o
    0x08006ff0   0x00000078   Code   RO        21431    .text.__cxa_guard_acquire  BUILD/NUCLEO_F103RB/ARM/mbed-os/platform/source/mbed_retarget.o
    0x08007068   0x00000042   Code   RO        21433    .text.__cxa_guard_release  BUILD/NUCLEO_F103RB/ARM/mbed-os/platform/source/mbed_retarget.o
    0x080070aa   0x00000016   Code   RO          142    .text.__cxx_global_array_dtor  BUILD/NUCLEO_F103RB/ARM/main.o
    0x080070c0   0x00000050   Code   RO        21675    .text.__rt_entry    BUILD/NUCLEO_F103RB/ARM/mbed-os/rtos/source/TARGET_CORTEX/TOOLCHAIN_ARM_STD/mbed_boot_arm_std.o
    0x08007110   0x00000066   Code   RO        21679    .text.__user_perthread_libspace  BUILD/NUCLEO_F103RB/ARM/mbed-os/rtos/source/TARGET_CORTEX/TOOLCHAIN_ARM_STD/mbed_boot_arm_std.o
    0x08007176   0x00000002   PAD
    0x08007178   0x000000a8   Code   RO        21681    .text._mutex_initialize  BUILD/NUCLEO_F103RB/ARM/mbed-os/rtos/source/TARGET_CORTEX/TOOLCHAIN_ARM_STD/mbed_boot_arm_std.o
    0x08007220   0x00000004   Code   RO        21937    .text._platform_post_stackheap_init  BUILD/NUCLEO_F103RB/ARM/mbed-os/rtos/source/TARGET_CORTEX/rtx5/RTX/Source/rtx_lib.o
    0x08007224   0x00000004   Code   RO        21337    .text._sys_close    BUILD/NUCLEO_F103RB/ARM/mbed-os/platform/source/mbed_retarget.o
    0x08007228   0x00000002   Code   RO        21345    .text._sys_exit     BUILD/NUCLEO_F103RB/ARM/mbed-os/platform/source/mbed_retarget.o
    0x0800722a   0x00000028   Code   RO        21365    .text._sys_flen     BUILD/NUCLEO_F103RB/ARM/mbed-os/platform/source/mbed_retarget.o
    0x08007252   0x00000004   Code   RO        21353    .text._sys_istty    BUILD/NUCLEO_F103RB/ARM/mbed-os/platform/source/mbed_retarget.o
    0x08007256   0x0000008c   Code   RO        21333    .text._sys_open     BUILD/NUCLEO_F103RB/ARM/mbed-os/platform/source/mbed_retarget.o
    0x080072e2   0x00000006   Code   RO        21355    .text._sys_seek     BUILD/NUCLEO_F103RB/ARM/mbed-os/platform/source/mbed_retarget.o
    0x080072e8   0x00000098   Code   RO        21341    .text._sys_write    BUILD/NUCLEO_F103RB/ARM/mbed-os/platform/source/mbed_retarget.o
    0x08007380   0x00000018   Code   RO        21347    .text._ttywrch      BUILD/NUCLEO_F103RB/ARM/mbed-os/platform/source/mbed_retarget.o
    0x08007398   0x0000001e   Code   RO        21541    .text._wait_us_generic  BUILD/NUCLEO_F103RB/ARM/mbed-os/platform/source/mbed_wait_api_no_rtos.o
    0x080073b6   0x00000002   Code   RO        20650    .text.block_us_ticker_free  BUILD/NUCLEO_F103RB/ARM/mbed-os/hal/mbed_us_ticker_api.o
    0x080073b8   0x0000012e   Code   RO        24150    .text.can_irq       BUILD/NUCLEO_F103RB/ARM/mbed-os/targets/TARGET_STM/can_api.o
    0x080074e6   0x0000003e   Code   RO        21339    .text.close         BUILD/NUCLEO_F103RB/ARM/mbed-os/platform/source/mbed_retarget.o
    0x08007524   0x0000000c   Code   RO        21169    .text.core_util_are_interrupts_enabled  BUILD/NUCLEO_F103RB/ARM/mbed-os/platform/source/mbed_critical.o
    0x08007530   0x00000084   Code   RO        21175    .text.core_util_critical_section_enter  BUILD/NUCLEO_F103RB/ARM/mbed-os/platform/source/mbed_critical.o
    0x080075b4   0x00000018   Code   RO        21177    .text.core_util_critical_section_exit  BUILD/NUCLEO_F103RB/ARM/mbed-os/platform/source/mbed_critical.o
    0x080075cc   0x0000000c   Code   RO        21171    .text.core_util_is_isr_active  BUILD/NUCLEO_F103RB/ARM/mbed-os/platform/source/mbed_critical.o
    0x080075d8   0x00000054   Code   RO        24381    .text.debug         BUILD/NUCLEO_F103RB/ARM/mbed-os/targets/TARGET_STM/serial_api.o
    0x0800762c   0x00000080   Code   RO         2825    .text.equeue_alloc  BUILD/NUCLEO_F103RB/ARM/mbed-os/events/source/equeue.o
    0x080076ac   0x00000024   Code   RO         2819    .text.equeue_create  BUILD/NUCLEO_F103RB/ARM/mbed-os/events/source/equeue.o
    0x080076d0   0x0000007a   Code   RO         2821    .text.equeue_create_inplace  BUILD/NUCLEO_F103RB/ARM/mbed-os/events/source/equeue.o
    0x0800774a   0x00000074   Code   RO         2827    .text.equeue_dealloc  BUILD/NUCLEO_F103RB/ARM/mbed-os/events/source/equeue.o
    0x080077be   0x0000005a   Code   RO         2823    .text.equeue_destroy  BUILD/NUCLEO_F103RB/ARM/mbed-os/events/source/equeue.o
    0x08007818   0x00000194   Code   RO         2847    .text.equeue_dispatch  BUILD/NUCLEO_F103RB/ARM/mbed-os/events/source/equeue.o
    0x080079ac   0x000000a6   Code   RO         2829    .text.equeue_enqueue  BUILD/NUCLEO_F103RB/ARM/mbed-os/events/source/equeue.o
    0x08007a52   0x00000006   Code   RO         2849    .text.equeue_event_delay  BUILD/NUCLEO_F103RB/ARM/mbed-os/events/source/equeue.o
    0x08007a58   0x00000006   Code   RO         2853    .text.equeue_event_dtor  BUILD/NUCLEO_F103RB/ARM/mbed-os/events/source/equeue.o
    0x08007a5e   0x00000006   Code   RO         2851    .text.equeue_event_period  BUILD/NUCLEO_F103RB/ARM/mbed-os/events/source/equeue.o
    0x08007a64   0x00000004   Code   RO         2876    .text.equeue_mutex_create  BUILD/NUCLEO_F103RB/ARM/mbed-os/events/source/equeue_mbed.o
    0x08007a68   0x00000002   Code   RO         2878    .text.equeue_mutex_destroy  BUILD/NUCLEO_F103RB/ARM/mbed-os/events/source/equeue_mbed.o
    0x08007a6a   0x00000004   Code   RO         2880    .text.equeue_mutex_lock  BUILD/NUCLEO_F103RB/ARM/mbed-os/events/source/equeue_mbed.o
    0x08007a6e   0x00000004   Code   RO         2882    .text.equeue_mutex_unlock  BUILD/NUCLEO_F103RB/ARM/mbed-os/events/source/equeue_mbed.o
    0x08007a72   0x00000048   Code   RO         2831    .text.equeue_post   BUILD/NUCLEO_F103RB/ARM/mbed-os/events/source/equeue.o
    0x08007aba   0x00000002   PAD
    0x08007abc   0x00000014   Code   RO         2884    .text.equeue_sema_create  BUILD/NUCLEO_F103RB/ARM/mbed-os/events/source/equeue_mbed.o
    0x08007ad0   0x00000004   Code   RO         2886    .text.equeue_sema_destroy  BUILD/NUCLEO_F103RB/ARM/mbed-os/events/source/equeue_mbed.o
    0x08007ad4   0x00000006   Code   RO         2888    .text.equeue_sema_signal  BUILD/NUCLEO_F103RB/ARM/mbed-os/events/source/equeue_mbed.o
    0x08007ada   0x00000020   Code   RO         2890    .text.equeue_sema_wait  BUILD/NUCLEO_F103RB/ARM/mbed-os/events/source/equeue_mbed.o
    0x08007afa   0x00000008   Code   RO         2874    .text.equeue_tick   BUILD/NUCLEO_F103RB/ARM/mbed-os/events/source/equeue_mbed.o
    0x08007b02   0x00000002   Code   RO         2872    .text.equeue_tick_init  BUILD/NUCLEO_F103RB/ARM/mbed-os/events/source/equeue_mbed.o
    0x08007b04   0x00000070   Code   RO        21181    .text.error         BUILD/NUCLEO_F103RB/ARM/mbed-os/platform/source/mbed_error.o
    0x08007b74   0x00000024   Code   RO        21746    .text.error_msg     BUILD/NUCLEO_F103RB/ARM/mbed-os/rtos/source/TARGET_CORTEX/mbed_rtx_handlers.o
    0x08007b98   0x00000030   Code   RO        21407    .text.exit          BUILD/NUCLEO_F103RB/ARM/mbed-os/platform/source/mbed_retarget.o
    0x08007bc8   0x0000002a   Code   RO        21363    .text.fsync         BUILD/NUCLEO_F103RB/ARM/mbed-os/platform/source/mbed_retarget.o
    0x08007bf2   0x00000034   Code   RO        24373    .text.get_uart_index  BUILD/NUCLEO_F103RB/ARM/mbed-os/targets/TARGET_STM/serial_api.o
    0x08007c26   0x0000000a   Code   RO        20644    .text.get_us_ticker_data  BUILD/NUCLEO_F103RB/ARM/mbed-os/hal/mbed_us_ticker_api.o
    0x08007c30   0x00000062   Code   RO        21500    .text.gettimeofday  BUILD/NUCLEO_F103RB/ARM/mbed-os/platform/source/mbed_rtc_time.o
    0x08007c92   0x0000003c   Code   RO        24174    .text.gpio_dir      BUILD/NUCLEO_F103RB/ARM/mbed-os/targets/TARGET_STM/gpio_api.o
    0x08007cce   0x00000046   Code   RO        24170    .text.gpio_init     BUILD/NUCLEO_F103RB/ARM/mbed-os/targets/TARGET_STM/gpio_api.o
    0x08007d14   0x00000006   Code   RO        20564    .text.gpio_init_out  BUILD/NUCLEO_F103RB/ARM/mbed-os/hal/mbed_gpio.o
    0x08007d1a   0x00000038   Code   RO        20566    .text.gpio_init_out_ex  BUILD/NUCLEO_F103RB/ARM/mbed-os/hal/mbed_gpio.o
    0x08007d52   0x00000008   Code   RO        24172    .text.gpio_mode     BUILD/NUCLEO_F103RB/ARM/mbed-os/targets/TARGET_STM/gpio_api.o
    0x08007d5a   0x00000002   PAD
    0x08007d5c   0x00000064   Code   RO        24168    .text.gpio_set      BUILD/NUCLEO_F103RB/ARM/mbed-os/targets/TARGET_STM/gpio_api.o
    0x08007dc0   0x0000002a   Code   RO        20548    .text.hal_critical_section_enter  BUILD/NUCLEO_F103RB/ARM/mbed-os/hal/mbed_critical_section_api.o
    0x08007dea   0x00000002   PAD
    0x08007dec   0x0000007c   Code   RO        20550    .text.hal_critical_section_exit  BUILD/NUCLEO_F103RB/ARM/mbed-os/hal/mbed_critical_section_api.o
    0x08007e68   0x00000118   Code   RO        24409    .text.hal_deepsleep  BUILD/NUCLEO_F103RB/ARM/mbed-os/targets/TARGET_STM/sleep.o
    0x08007f80   0x0000000e   Code   RO        24355    .text.hal_reset_reason_clear  BUILD/NUCLEO_F103RB/ARM/mbed-os/targets/TARGET_STM/reset_reason.o
    0x08007f8e   0x0000004e   Code   RO        24351    .text.hal_reset_reason_get  BUILD/NUCLEO_F103RB/ARM/mbed-os/targets/TARGET_STM/reset_reason.o
    0x08007fdc   0x0000000c   Code   RO        24353    .text.hal_reset_reason_get_raw  BUILD/NUCLEO_F103RB/ARM/mbed-os/targets/TARGET_STM/reset_reason.o
    0x08007fe8   0x00000016   Code   RO        24407    .text.hal_sleep     BUILD/NUCLEO_F103RB/ARM/mbed-os/targets/TARGET_STM/sleep.o
    0x08007ffe   0x0000000c   Code   RO        24504    .text.hal_watchdog_get_platform_features  BUILD/NUCLEO_F103RB/ARM/mbed-os/targets/TARGET_STM/watchdog_api.o
    0x0800800a   0x00000002   PAD
    0x0800800c   0x0000008c   Code   RO        24496    .text.hal_watchdog_init  BUILD/NUCLEO_F103RB/ARM/mbed-os/targets/TARGET_STM/watchdog_api.o
    0x08008098   0x0000000c   Code   RO        24498    .text.hal_watchdog_kick  BUILD/NUCLEO_F103RB/ARM/mbed-os/targets/TARGET_STM/watchdog_api.o
    0x080080a4   0x000000f2   Code   RO        21183    .text.handle_error  BUILD/NUCLEO_F103RB/ARM/mbed-os/platform/source/mbed_error.o
    0x08008196   0x000000cc   Code   RO        24470    .text.init_16bit_timer  BUILD/NUCLEO_F103RB/ARM/mbed-os/targets/TARGET_STM/us_ticker.o
    0x08008262   0x00000056   Code   RO        24375    .text.init_uart     BUILD/NUCLEO_F103RB/ARM/mbed-os/targets/TARGET_STM/serial_api.o
    0x080082b8   0x00000150   Code   RO        20619    .text.initialize    BUILD/NUCLEO_F103RB/ARM/mbed-os/hal/mbed_ticker_api.o
    0x08008408   0x00000026   Code   RO        21327    .text.isatty        BUILD/NUCLEO_F103RB/ARM/mbed-os/platform/source/mbed_retarget.o
    0x0800842e   0x00000030   Code   RO        21357    .text.lseek         BUILD/NUCLEO_F103RB/ARM/mbed-os/platform/source/mbed_retarget.o
    0x0800845e   0x00000002   PAD
    0x08008460   0x00000174   Code   RO          168    .text.main          BUILD/NUCLEO_F103RB/ARM/main.o
    0x080085d4   0x00000018   Code   RO        21059    .text.mbed_assert_internal  BUILD/NUCLEO_F103RB/ARM/mbed-os/platform/source/mbed_assert.o
    0x080085ec   0x00000062   Code   RO        21157    .text.mbed_die      BUILD/NUCLEO_F103RB/ARM/mbed-os/platform/source/mbed_board.o
    0x0800864e   0x00000038   Code   RO        21203    .text.mbed_error    BUILD/NUCLEO_F103RB/ARM/mbed-os/platform/source/mbed_error.o
    0x08008686   0x00000004   Code   RO        21191    .text.mbed_error_initialize  BUILD/NUCLEO_F103RB/ARM/mbed-os/platform/source/mbed_error.o
    0x0800868a   0x00000020   Code   RO        21159    .text.mbed_error_printf  BUILD/NUCLEO_F103RB/ARM/mbed-os/platform/source/mbed_board.o
    0x080086aa   0x0000002a   Code   RO        21163    .text.mbed_error_puts  BUILD/NUCLEO_F103RB/ARM/mbed-os/platform/source/mbed_board.o
    0x080086d4   0x00000034   Code   RO        21161    .text.mbed_error_vprintf  BUILD/NUCLEO_F103RB/ARM/mbed-os/platform/source/mbed_board.o
    0x08008708   0x0000012c   Code   RO        21043    .text.mbed_fault_handler  BUILD/NUCLEO_F103RB/ARM/mbed-os/platform/source/TARGET_CORTEX_M/mbed_fault_handler.o
    0x08008834   0x0000000c   Code   RO        21199    .text.mbed_get_error_in_progress  BUILD/NUCLEO_F103RB/ARM/mbed-os/platform/source/mbed_error.o
    0x08008840   0x0000003e   Code   RO        21187    .text.mbed_halt_system  BUILD/NUCLEO_F103RB/ARM/mbed-os/platform/source/mbed_error.o
    0x0800887e   0x0000003a   Code   RO        21694    .text.mbed_init     BUILD/NUCLEO_F103RB/ARM/mbed-os/rtos/source/TARGET_CORTEX/mbed_boot.o
    0x080088b8   0x00000002   Code   RO        21700    .text.mbed_main     BUILD/NUCLEO_F103RB/ARM/mbed-os/rtos/source/TARGET_CORTEX/mbed_boot.o
    0x080088ba   0x00000004   Code   RO        21707    .text.mbed_rtos_init  BUILD/NUCLEO_F103RB/ARM/mbed-os/rtos/source/TARGET_CORTEX/mbed_rtos_rtx.o
    0x080088be   0x00000002   PAD
    0x080088c0   0x000000f0   Code   RO        21709    .text.mbed_rtos_start  BUILD/NUCLEO_F103RB/ARM/mbed-os/rtos/source/TARGET_CORTEX/mbed_rtos_rtx.o
    0x080089b0   0x00000020   Code   RO        24299    .text.mbed_sdk_init  BUILD/NUCLEO_F103RB/ARM/mbed-os/targets/TARGET_STM/mbed_overrides.o
    0x080089d0   0x00000016   Code   RO        21698    .text.mbed_start    BUILD/NUCLEO_F103RB/ARM/mbed-os/rtos/source/TARGET_CORTEX/mbed_boot.o
    0x080089e6   0x0000001a   Code   RO        21677    .text.mbed_toolchain_init  BUILD/NUCLEO_F103RB/ARM/mbed-os/rtos/source/TARGET_CORTEX/TOOLCHAIN_ARM_STD/mbed_boot_arm_std.o
    0x08008a00   0x000000a6   Code   RO        21335    .text.open          BUILD/NUCLEO_F103RB/ARM/mbed-os/platform/source/mbed_retarget.o
    0x08008aa6   0x0000002e   Code   RO        21811    .text.osDelay       BUILD/NUCLEO_F103RB/ARM/mbed-os/rtos/source/TARGET_CORTEX/rtx5/RTX/Source/rtx_delay.o
    0x08008ad4   0x0000002e   Code   RO        21836    .text.osEventFlagsDelete  BUILD/NUCLEO_F103RB/ARM/mbed-os/rtos/source/TARGET_CORTEX/rtx5/RTX/Source/rtx_evflags.o
    0x08008b02   0x00000032   Code   RO        21820    .text.osEventFlagsNew  BUILD/NUCLEO_F103RB/ARM/mbed-os/rtos/source/TARGET_CORTEX/rtx5/RTX/Source/rtx_evflags.o
    0x08008b34   0x00000056   Code   RO        21824    .text.osEventFlagsSet  BUILD/NUCLEO_F103RB/ARM/mbed-os/rtos/source/TARGET_CORTEX/rtx5/RTX/Source/rtx_evflags.o
    0x08008b8a   0x0000004e   Code   RO        21834    .text.osEventFlagsWait  BUILD/NUCLEO_F103RB/ARM/mbed-os/rtos/source/TARGET_CORTEX/rtx5/RTX/Source/rtx_evflags.o
    0x08008bd8   0x00000034   Code   RO        21888    .text.osKernelGetState  BUILD/NUCLEO_F103RB/ARM/mbed-os/rtos/source/TARGET_CORTEX/rtx5/RTX/Source/rtx_kernel.o
    0x08008c0c   0x0000002a   Code   RO        21904    .text.osKernelGetTickCount  BUILD/NUCLEO_F103RB/ARM/mbed-os/rtos/source/TARGET_CORTEX/rtx5/RTX/Source/rtx_kernel.o
    0x08008c36   0x00000032   Code   RO        21882    .text.osKernelInitialize  BUILD/NUCLEO_F103RB/ARM/mbed-os/rtos/source/TARGET_CORTEX/rtx5/RTX/Source/rtx_kernel.o
    0x08008c68   0x0000002e   Code   RO        21892    .text.osKernelStart  BUILD/NUCLEO_F103RB/ARM/mbed-os/rtos/source/TARGET_CORTEX/rtx5/RTX/Source/rtx_kernel.o
    0x08008c96   0x0000007e   Code   RO        22010    .text.osMessageQueueGet  BUILD/NUCLEO_F103RB/ARM/mbed-os/rtos/source/TARGET_CORTEX/rtx5/RTX/Source/rtx_msgqueue.o
    0x08008d14   0x00000032   Code   RO        22004    .text.osMessageQueueNew  BUILD/NUCLEO_F103RB/ARM/mbed-os/rtos/source/TARGET_CORTEX/rtx5/RTX/Source/rtx_msgqueue.o
    0x08008d46   0x00000086   Code   RO        22008    .text.osMessageQueuePut  BUILD/NUCLEO_F103RB/ARM/mbed-os/rtos/source/TARGET_CORTEX/rtx5/RTX/Source/rtx_msgqueue.o
    0x08008dcc   0x0000002e   Code   RO        22057    .text.osMutexAcquire  BUILD/NUCLEO_F103RB/ARM/mbed-os/rtos/source/TARGET_CORTEX/rtx5/RTX/Source/rtx_mutex.o
    0x08008dfa   0x00000032   Code   RO        22053    .text.osMutexNew    BUILD/NUCLEO_F103RB/ARM/mbed-os/rtos/source/TARGET_CORTEX/rtx5/RTX/Source/rtx_mutex.o
    0x08008e2c   0x0000002e   Code   RO        22059    .text.osMutexRelease  BUILD/NUCLEO_F103RB/ARM/mbed-os/rtos/source/TARGET_CORTEX/rtx5/RTX/Source/rtx_mutex.o
    0x08008e5a   0x00000002   PAD
    0x08008e5c   0x00000110   Code   RO        21722    .text.osRtxErrorNotify  BUILD/NUCLEO_F103RB/ARM/mbed-os/rtos/source/TARGET_CORTEX/mbed_rtx_handlers.o
    0x08008f6c   0x00000036   Code   RO        21840    .text.osRtxEventFlagsPostProcess  BUILD/NUCLEO_F103RB/ARM/mbed-os/rtos/source/TARGET_CORTEX/rtx5/RTX/Source/rtx_evflags.o
    0x08008fa2   0x00000006   Code   RO        21720    .text.osRtxIdleThread  BUILD/NUCLEO_F103RB/ARM/mbed-os/rtos/source/TARGET_CORTEX/mbed_rtx_handlers.o
    0x08008fa8   0x00000002   Code   RO        21880    .text.osRtxKernelPreInit  BUILD/NUCLEO_F103RB/ARM/mbed-os/rtos/source/TARGET_CORTEX/rtx5/RTX/Source/rtx_kernel.o
    0x08008faa   0x0000009c   Code   RO        21954    .text.osRtxMemoryAlloc  BUILD/NUCLEO_F103RB/ARM/mbed-os/rtos/source/TARGET_CORTEX/rtx5/RTX/Source/rtx_memory.o
    0x08009046   0x00000052   Code   RO        21956    .text.osRtxMemoryFree  BUILD/NUCLEO_F103RB/ARM/mbed-os/rtos/source/TARGET_CORTEX/rtx5/RTX/Source/rtx_memory.o
    0x08009098   0x00000036   Code   RO        21952    .text.osRtxMemoryInit  BUILD/NUCLEO_F103RB/ARM/mbed-os/rtos/source/TARGET_CORTEX/rtx5/RTX/Source/rtx_memory.o
    0x080090ce   0x00000038   Code   RO        21961    .text.osRtxMemoryPoolAlloc  BUILD/NUCLEO_F103RB/ARM/mbed-os/rtos/source/TARGET_CORTEX/rtx5/RTX/Source/rtx_mempool.o
    0x08009106   0x00000048   Code   RO        21963    .text.osRtxMemoryPoolFree  BUILD/NUCLEO_F103RB/ARM/mbed-os/rtos/source/TARGET_CORTEX/rtx5/RTX/Source/rtx_mempool.o
    0x0800914e   0x0000004e   Code   RO        21959    .text.osRtxMemoryPoolInit  BUILD/NUCLEO_F103RB/ARM/mbed-os/rtos/source/TARGET_CORTEX/rtx5/RTX/Source/rtx_mempool.o
    0x0800919c   0x000000da   Code   RO        22034    .text.osRtxMessageQueuePostProcess  BUILD/NUCLEO_F103RB/ARM/mbed-os/rtos/source/TARGET_CORTEX/rtx5/RTX/Source/rtx_msgqueue.o
    0x08009276   0x00000044   Code   RO        22051    .text.osRtxMutexOwnerRelease  BUILD/NUCLEO_F103RB/ARM/mbed-os/rtos/source/TARGET_CORTEX/rtx5/RTX/Source/rtx_mutex.o
    0x080092ba   0x00000002   PAD
    0x080092bc   0x000000aa   Code   RO        22107    .text.osRtxPendSV_Handler  BUILD/NUCLEO_F103RB/ARM/mbed-os/rtos/source/TARGET_CORTEX/rtx5/RTX/Source/rtx_system.o
    0x08009366   0x00000076   Code   RO        22109    .text.osRtxPostProcess  BUILD/NUCLEO_F103RB/ARM/mbed-os/rtos/source/TARGET_CORTEX/rtx5/RTX/Source/rtx_system.o
    0x080093dc   0x00000054   Code   RO        22132    .text.osRtxThreadBlock  BUILD/NUCLEO_F103RB/ARM/mbed-os/rtos/source/TARGET_CORTEX/rtx5/RTX/Source/rtx_thread.o
    0x08009430   0x0000009a   Code   RO        22140    .text.osRtxThreadDelayInsert  BUILD/NUCLEO_F103RB/ARM/mbed-os/rtos/source/TARGET_CORTEX/rtx5/RTX/Source/rtx_thread.o
    0x080094ca   0x00000050   Code   RO        22136    .text.osRtxThreadDelayRemove  BUILD/NUCLEO_F103RB/ARM/mbed-os/rtos/source/TARGET_CORTEX/rtx5/RTX/Source/rtx_thread.o
    0x0800951a   0x00000046   Code   RO        22122    .text.osRtxThreadDelayTick  BUILD/NUCLEO_F103RB/ARM/mbed-os/rtos/source/TARGET_CORTEX/rtx5/RTX/Source/rtx_thread.o
    0x08009560   0x0000006a   Code   RO        22130    .text.osRtxThreadDispatch  BUILD/NUCLEO_F103RB/ARM/mbed-os/rtos/source/TARGET_CORTEX/rtx5/RTX/Source/rtx_thread.o
    0x080095ca   0x00000066   Code   RO        22214    .text.osRtxThreadFree  BUILD/NUCLEO_F103RB/ARM/mbed-os/rtos/source/TARGET_CORTEX/rtx5/RTX/Source/rtx_thread.o
    0x08009630   0x00000014   Code   RO        22114    .text.osRtxThreadListGet  BUILD/NUCLEO_F103RB/ARM/mbed-os/rtos/source/TARGET_CORTEX/rtx5/RTX/Source/rtx_thread.o
    0x08009644   0x0000003c   Code   RO        22112    .text.osRtxThreadListPut  BUILD/NUCLEO_F103RB/ARM/mbed-os/rtos/source/TARGET_CORTEX/rtx5/RTX/Source/rtx_thread.o
    0x08009680   0x00000014   Code   RO        22118    .text.osRtxThreadListRemove  BUILD/NUCLEO_F103RB/ARM/mbed-os/rtos/source/TARGET_CORTEX/rtx5/RTX/Source/rtx_thread.o
    0x08009694   0x0000006c   Code   RO        22116    .text.osRtxThreadListSort  BUILD/NUCLEO_F103RB/ARM/mbed-os/rtos/source/TARGET_CORTEX/rtx5/RTX/Source/rtx_thread.o
    0x08009700   0x00000030   Code   RO        22190    .text.osRtxThreadPostProcess  BUILD/NUCLEO_F103RB/ARM/mbed-os/rtos/source/TARGET_CORTEX/rtx5/RTX/Source/rtx_thread.o
    0x08009730   0x00000054   Code   RO        22120    .text.osRtxThreadReadyPut  BUILD/NUCLEO_F103RB/ARM/mbed-os/rtos/source/TARGET_CORTEX/rtx5/RTX/Source/rtx_thread.o
    0x08009784   0x00000006   Code   RO        22124    .text.osRtxThreadRegPtr  BUILD/NUCLEO_F103RB/ARM/mbed-os/rtos/source/TARGET_CORTEX/rtx5/RTX/Source/rtx_thread.o
    0x0800978a   0x0000002a   Code   RO        22128    .text.osRtxThreadStackCheck  BUILD/NUCLEO_F103RB/ARM/mbed-os/rtos/source/TARGET_CORTEX/rtx5/RTX/Source/rtx_thread.o
    0x080097b4   0x00000048   Code   RO        22142    .text.osRtxThreadStartup  BUILD/NUCLEO_F103RB/ARM/mbed-os/rtos/source/TARGET_CORTEX/rtx5/RTX/Source/rtx_thread.o
    0x080097fc   0x00000012   Code   RO        22126    .text.osRtxThreadSwitch  BUILD/NUCLEO_F103RB/ARM/mbed-os/rtos/source/TARGET_CORTEX/rtx5/RTX/Source/rtx_thread.o
    0x0800980e   0x00000042   Code   RO        22138    .text.osRtxThreadWaitEnter  BUILD/NUCLEO_F103RB/ARM/mbed-os/rtos/source/TARGET_CORTEX/rtx5/RTX/Source/rtx_thread.o
    0x08009850   0x00000024   Code   RO        22134    .text.osRtxThreadWaitExit  BUILD/NUCLEO_F103RB/ARM/mbed-os/rtos/source/TARGET_CORTEX/rtx5/RTX/Source/rtx_thread.o
    0x08009874   0x00000072   Code   RO        22105    .text.osRtxTick_Handler  BUILD/NUCLEO_F103RB/ARM/mbed-os/rtos/source/TARGET_CORTEX/rtx5/RTX/Source/rtx_system.o
    0x080098e6   0x00000044   Code   RO        22235    .text.osRtxTimerThread  BUILD/NUCLEO_F103RB/ARM/mbed-os/rtos/source/TARGET_CORTEX/rtx5/RTX/Source/rtx_timer.o
    0x0800992a   0x00000058   Code   RO        22237    .text.osRtxTimerTick  BUILD/NUCLEO_F103RB/ARM/mbed-os/rtos/source/TARGET_CORTEX/rtx5/RTX/Source/rtx_timer.o
    0x08009982   0x0000001c   Code   RO        22174    .text.osThreadExit  BUILD/NUCLEO_F103RB/ARM/mbed-os/rtos/source/TARGET_CORTEX/rtx5/RTX/Source/rtx_thread.o
    0x0800999e   0x0000002a   Code   RO        22150    .text.osThreadGetId  BUILD/NUCLEO_F103RB/ARM/mbed-os/rtos/source/TARGET_CORTEX/rtx5/RTX/Source/rtx_thread.o
    0x080099c8   0x00000032   Code   RO        22146    .text.osThreadNew   BUILD/NUCLEO_F103RB/ARM/mbed-os/rtos/source/TARGET_CORTEX/rtx5/RTX/Source/rtx_thread.o
    0x080099fa   0x00000002   PAD
    0x080099fc   0x000002b4   Code   RO        24303    .text.pin_function  BUILD/NUCLEO_F103RB/ARM/mbed-os/targets/TARGET_STM/pinmap.o
    0x08009cb0   0x00000106   Code   RO        24305    .text.pin_mode      BUILD/NUCLEO_F103RB/ARM/mbed-os/targets/TARGET_STM/pinmap.o
    0x08009db6   0x00000002   PAD
    0x08009db8   0x00000040   Code   RO        20582    .text.pinmap_merge  BUILD/NUCLEO_F103RB/ARM/mbed-os/hal/mbed_pinmap_common.o
    0x08009df8   0x00000074   Code   RO        20586    .text.pinmap_peripheral  BUILD/NUCLEO_F103RB/ARM/mbed-os/hal/mbed_pinmap_common.o
    0x08009e6c   0x00000070   Code   RO        20580    .text.pinmap_pinout  BUILD/NUCLEO_F103RB/ARM/mbed-os/hal/mbed_pinmap_common.o
    0x08009edc   0x00000168   Code   RO        21045    .text.print_context_info  BUILD/NUCLEO_F103RB/ARM/mbed-os/platform/source/TARGET_CORTEX_M/mbed_fault_handler.o
    0x0800a044   0x000001bc   Code   RO        21185    .text.print_error_report  BUILD/NUCLEO_F103RB/ARM/mbed-os/platform/source/mbed_error.o
    0x0800a200   0x00000038   Code   RO        24486    .text.restore_timer_ctx  BUILD/NUCLEO_F103RB/ARM/mbed-os/targets/TARGET_STM/us_ticker.o
    0x0800a238   0x00000118   Code   RO        24358    .text.rtc_init      BUILD/NUCLEO_F103RB/ARM/mbed-os/targets/TARGET_STM/rtc_api.o
    0x0800a350   0x00000010   Code   RO        24366    .text.rtc_isenabled  BUILD/NUCLEO_F103RB/ARM/mbed-os/targets/TARGET_STM/rtc_api.o
    0x0800a360   0x00000016   Code   RO        24362    .text.rtc_read      BUILD/NUCLEO_F103RB/ARM/mbed-os/targets/TARGET_STM/rtc_api.o
    0x0800a376   0x00000002   PAD
    0x0800a378   0x00000040   Code   RO        24364    .text.rtc_write     BUILD/NUCLEO_F103RB/ARM/mbed-os/targets/TARGET_STM/rtc_api.o
    0x0800a3b8   0x00000010   Code   RO        21756    .text.rtos_idle_loop  BUILD/NUCLEO_F103RB/ARM/mbed-os/rtos/source/TARGET_CORTEX/mbed_rtx_idle.o
    0x0800a3c8   0x00000038   Code   RO        24484    .text.save_timer_ctx  BUILD/NUCLEO_F103RB/ARM/mbed-os/targets/TARGET_STM/us_ticker.o
    0x0800a400   0x0000014c   Code   RO        20625    .text.schedule_interrupt  BUILD/NUCLEO_F103RB/ARM/mbed-os/hal/mbed_ticker_api.o
    0x0800a54c   0x00000018   Code   RO        24379    .text.serial_baud   BUILD/NUCLEO_F103RB/ARM/mbed-os/targets/TARGET_STM/serial_api.o
    0x0800a564   0x00000030   Code   RO        24075    .text.serial_getc   BUILD/NUCLEO_F103RB/ARM/mbed-os/targets/TARGET_STM/TARGET_STM32F1/serial_device.o
    0x0800a594   0x000001f0   Code   RO        24371    .text.serial_init   BUILD/NUCLEO_F103RB/ARM/mbed-os/targets/TARGET_STM/serial_api.o
    0x0800a784   0x0000001a   Code   RO        24065    .text.serial_irq_handler  BUILD/NUCLEO_F103RB/ARM/mbed-os/targets/TARGET_STM/TARGET_STM32F1/serial_device.o
    0x0800a79e   0x000000e8   Code   RO        24067    .text.serial_irq_set  BUILD/NUCLEO_F103RB/ARM/mbed-os/targets/TARGET_STM/TARGET_STM32F1/serial_device.o
    0x0800a886   0x00000054   Code   RO        24401    .text.serial_is_tx_ongoing  BUILD/NUCLEO_F103RB/ARM/mbed-os/targets/TARGET_STM/serial_api.o
    0x0800a8da   0x00000032   Code   RO        24077    .text.serial_putc   BUILD/NUCLEO_F103RB/ARM/mbed-os/targets/TARGET_STM/TARGET_STM32F1/serial_device.o
    0x0800a90c   0x00000030   Code   RO        24393    .text.serial_readable  BUILD/NUCLEO_F103RB/ARM/mbed-os/targets/TARGET_STM/serial_api.o
    0x0800a93c   0x00000016   Code   RO        24395    .text.serial_writable  BUILD/NUCLEO_F103RB/ARM/mbed-os/targets/TARGET_STM/serial_api.o
    0x0800a952   0x00000046   Code   RO        21498    .text.settimeofday  BUILD/NUCLEO_F103RB/ARM/mbed-os/platform/source/mbed_rtc_time.o
    0x0800a998   0x0000005c   Code   RO        21289    .text.sleep_manager_lock_deep_sleep_internal  BUILD/NUCLEO_F103RB/ARM/mbed-os/platform/source/mbed_power_mgmt.o
    0x0800a9f4   0x00000024   Code   RO        21297    .text.sleep_manager_sleep_auto  BUILD/NUCLEO_F103RB/ARM/mbed-os/platform/source/mbed_power_mgmt.o
    0x0800aa18   0x0000005c   Code   RO        21291    .text.sleep_manager_unlock_deep_sleep_internal  BUILD/NUCLEO_F103RB/ARM/mbed-os/platform/source/mbed_power_mgmt.o
    0x0800aa74   0x00000014   Code   RO        21815    .text.svcRtxDelay   BUILD/NUCLEO_F103RB/ARM/mbed-os/rtos/source/TARGET_CORTEX/rtx5/RTX/Source/rtx_delay.o
    0x0800aa88   0x0000006c   Code   RO        21850    .text.svcRtxEventFlagsDelete  BUILD/NUCLEO_F103RB/ARM/mbed-os/rtos/source/TARGET_CORTEX/rtx5/RTX/Source/rtx_evflags.o
    0x0800aaf4   0x00000082   Code   RO        21838    .text.svcRtxEventFlagsNew  BUILD/NUCLEO_F103RB/ARM/mbed-os/rtos/source/TARGET_CORTEX/rtx5/RTX/Source/rtx_evflags.o
    0x0800ab76   0x00000084   Code   RO        21846    .text.svcRtxEventFlagsSet  BUILD/NUCLEO_F103RB/ARM/mbed-os/rtos/source/TARGET_CORTEX/rtx5/RTX/Source/rtx_evflags.o
    0x0800abfa   0x0000006a   Code   RO        21848    .text.svcRtxEventFlagsWait  BUILD/NUCLEO_F103RB/ARM/mbed-os/rtos/source/TARGET_CORTEX/rtx5/RTX/Source/rtx_evflags.o
    0x0800ac64   0x0000000c   Code   RO        21890    .text.svcRtxKernelGetState  BUILD/NUCLEO_F103RB/ARM/mbed-os/rtos/source/TARGET_CORTEX/rtx5/RTX/Source/rtx_kernel.o
    0x0800ac70   0x0000000c   Code   RO        21906    .text.svcRtxKernelGetTickCount  BUILD/NUCLEO_F103RB/ARM/mbed-os/rtos/source/TARGET_CORTEX/rtx5/RTX/Source/rtx_kernel.o
    0x0800ac7c   0x00000156   Code   RO        21920    .text.svcRtxKernelInitialize  BUILD/NUCLEO_F103RB/ARM/mbed-os/rtos/source/TARGET_CORTEX/rtx5/RTX/Source/rtx_kernel.o
    0x0800add2   0x000000a6   Code   RO        21922    .text.svcRtxKernelStart  BUILD/NUCLEO_F103RB/ARM/mbed-os/rtos/source/TARGET_CORTEX/rtx5/RTX/Source/rtx_kernel.o
    0x0800ae78   0x000000fe   Code   RO        22044    .text.svcRtxMessageQueueGet  BUILD/NUCLEO_F103RB/ARM/mbed-os/rtos/source/TARGET_CORTEX/rtx5/RTX/Source/rtx_msgqueue.o
    0x0800af76   0x00000154   Code   RO        22032    .text.svcRtxMessageQueueNew  BUILD/NUCLEO_F103RB/ARM/mbed-os/rtos/source/TARGET_CORTEX/rtx5/RTX/Source/rtx_msgqueue.o
    0x0800b0ca   0x000000c2   Code   RO        22040    .text.svcRtxMessageQueuePut  BUILD/NUCLEO_F103RB/ARM/mbed-os/rtos/source/TARGET_CORTEX/rtx5/RTX/Source/rtx_msgqueue.o
    0x0800b18c   0x000000b6   Code   RO        22069    .text.svcRtxMutexAcquire  BUILD/NUCLEO_F103RB/ARM/mbed-os/rtos/source/TARGET_CORTEX/rtx5/RTX/Source/rtx_mutex.o
    0x0800b242   0x0000007a   Code   RO        22065    .text.svcRtxMutexNew  BUILD/NUCLEO_F103RB/ARM/mbed-os/rtos/source/TARGET_CORTEX/rtx5/RTX/Source/rtx_mutex.o
    0x0800b2bc   0x000000d8   Code   RO        22071    .text.svcRtxMutexRelease  BUILD/NUCLEO_F103RB/ARM/mbed-os/rtos/source/TARGET_CORTEX/rtx5/RTX/Source/rtx_mutex.o
    0x0800b394   0x00000086   Code   RO        22218    .text.svcRtxThreadExit  BUILD/NUCLEO_F103RB/ARM/mbed-os/rtos/source/TARGET_CORTEX/rtx5/RTX/Source/rtx_thread.o
    0x0800b41a   0x0000000c   Code   RO        22152    .text.svcRtxThreadGetId  BUILD/NUCLEO_F103RB/ARM/mbed-os/rtos/source/TARGET_CORTEX/rtx5/RTX/Source/rtx_thread.o
    0x0800b426   0x00000210   Code   RO        22144    .text.svcRtxThreadNew  BUILD/NUCLEO_F103RB/ARM/mbed-os/rtos/source/TARGET_CORTEX/rtx5/RTX/Source/rtx_thread.o
    0x0800b636   0x00000064   Code   RO        20621    .text.ticker_irq_handler  BUILD/NUCLEO_F103RB/ARM/mbed-os/hal/mbed_ticker_api.o
    0x0800b69a   0x00000008   Code   RO        20633    .text.ticker_read   BUILD/NUCLEO_F103RB/ARM/mbed-os/hal/mbed_ticker_api.o
    0x0800b6a2   0x00000022   Code   RO        20635    .text.ticker_read_us  BUILD/NUCLEO_F103RB/ARM/mbed-os/hal/mbed_ticker_api.o
    0x0800b6c4   0x00000016   Code   RO        21504    .text.time          BUILD/NUCLEO_F103RB/ARM/mbed-os/platform/source/mbed_rtc_time.o
    0x0800b6da   0x00000030   Code   RO        24468    .text.timer_irq_handler  BUILD/NUCLEO_F103RB/ARM/mbed-os/targets/TARGET_STM/us_ticker.o
    0x0800b70a   0x0000002a   Code   RO        21726    .text.trap_rtx_error  BUILD/NUCLEO_F103RB/ARM/mbed-os/rtos/source/TARGET_CORTEX/mbed_rtx_handlers.o
    0x0800b734   0x0000000c   Code   RO        24069    .text.uart1_irq     BUILD/NUCLEO_F103RB/ARM/mbed-os/targets/TARGET_STM/TARGET_STM32F1/serial_device.o
    0x0800b740   0x0000000c   Code   RO        24071    .text.uart2_irq     BUILD/NUCLEO_F103RB/ARM/mbed-os/targets/TARGET_STM/TARGET_STM32F1/serial_device.o
    0x0800b74c   0x0000000c   Code   RO        24073    .text.uart3_irq     BUILD/NUCLEO_F103RB/ARM/mbed-os/targets/TARGET_STM/TARGET_STM32F1/serial_device.o
    0x0800b758   0x00000088   Code   RO        24101    .text.uart_irq      BUILD/NUCLEO_F103RB/ARM/mbed-os/targets/TARGET_STM/TARGET_STM32F1/serial_device.o
    0x0800b7e0   0x000000e8   Code   RO        20623    .text.update_present_time  BUILD/NUCLEO_F103RB/ARM/mbed-os/hal/mbed_ticker_api.o
    0x0800b8c8   0x00000012   Code   RO        24482    .text.us_ticker_clear_interrupt  BUILD/NUCLEO_F103RB/ARM/mbed-os/targets/TARGET_STM/us_ticker.o
    0x0800b8da   0x00000014   Code   RO        24480    .text.us_ticker_disable_interrupt  BUILD/NUCLEO_F103RB/ARM/mbed-os/targets/TARGET_STM/us_ticker.o
    0x0800b8ee   0x00000022   Code   RO        24478    .text.us_ticker_fire_interrupt  BUILD/NUCLEO_F103RB/ARM/mbed-os/targets/TARGET_STM/us_ticker.o
    0x0800b910   0x0000000a   Code   RO        24466    .text.us_ticker_get_info  BUILD/NUCLEO_F103RB/ARM/mbed-os/targets/TARGET_STM/us_ticker.o
    0x0800b91a   0x00000018   Code   RO        24472    .text.us_ticker_init  BUILD/NUCLEO_F103RB/ARM/mbed-os/targets/TARGET_STM/us_ticker.o
    0x0800b932   0x00000018   Code   RO        20648    .text.us_ticker_irq_handler  BUILD/NUCLEO_F103RB/ARM/mbed-os/hal/mbed_us_ticker_api.o
    0x0800b94a   0x0000000c   Code   RO        24474    .text.us_ticker_read  BUILD/NUCLEO_F103RB/ARM/mbed-os/targets/TARGET_STM/us_ticker.o
    0x0800b956   0x0000001c   Code   RO        24476    .text.us_ticker_set_interrupt  BUILD/NUCLEO_F103RB/ARM/mbed-os/targets/TARGET_STM/us_ticker.o
    0x0800b972   0x0000003a   Code   RO        21549    .text.wait_ms       BUILD/NUCLEO_F103RB/ARM/mbed-os/platform/source/mbed_wait_api_rtos.o
    0x0800b9ac   0x00000030   Code   RO        21343    .text.write         BUILD/NUCLEO_F103RB/ARM/mbed-os/platform/source/mbed_retarget.o
    0x0800b9dc   0x0000003e   Code   RO        25271    CL$$btod_d2e        C:\Keil_v5\ARM\ARMCLANG\bin\..\lib\armlib\c_w.l(btod.o)
    0x0800ba1a   0x00000046   Code   RO        25273    CL$$btod_d2e_denorm_low  C:\Keil_v5\ARM\ARMCLANG\bin\..\lib\armlib\c_w.l(btod.o)
    0x0800ba60   0x00000060   Code   RO        25272    CL$$btod_d2e_norm_op1  C:\Keil_v5\ARM\ARMCLANG\bin\..\lib\armlib\c_w.l(btod.o)
    0x0800bac0   0x00000338   Code   RO        25281    CL$$btod_div_common  C:\Keil_v5\ARM\ARMCLANG\bin\..\lib\armlib\c_w.l(btod.o)
    0x0800bdf8   0x000000dc   Code   RO        25278    CL$$btod_e2e        C:\Keil_v5\ARM\ARMCLANG\bin\..\lib\armlib\c_w.l(btod.o)
    0x0800bed4   0x0000002a   Code   RO        25275    CL$$btod_ediv       C:\Keil_v5\ARM\ARMCLANG\bin\..\lib\armlib\c_w.l(btod.o)
    0x0800befe   0x0000002a   Code   RO        25274    CL$$btod_emul       C:\Keil_v5\ARM\ARMCLANG\bin\..\lib\armlib\c_w.l(btod.o)
    0x0800bf28   0x00000244   Code   RO        25280    CL$$btod_mult_common  C:\Keil_v5\ARM\ARMCLANG\bin\..\lib\armlib\c_w.l(btod.o)
    0x0800c16c   0x00000028   Code   RO        25216    i.__ARM_fpclassify  C:\Keil_v5\ARM\ARMCLANG\bin\..\lib\armlib\m_ws.l(fpclassify.o)
    0x0800c194   0x000000aa   Code   RO        25218    i.__kernel_poly     C:\Keil_v5\ARM\ARMCLANG\bin\..\lib\armlib\m_ws.l(poly.o)
    0x0800c23e   0x00000002   PAD
    0x0800c240   0x00000010   Code   RO        25202    i.__mathlib_dbl_divzero  C:\Keil_v5\ARM\ARMCLANG\bin\..\lib\armlib\m_ws.l(dunder.o)
    0x0800c250   0x00000004   Code   RO        25204    i.__mathlib_dbl_infnan2  C:\Keil_v5\ARM\ARMCLANG\bin\..\lib\armlib\m_ws.l(dunder.o)
    0x0800c254   0x0000000c   Code   RO        25205    i.__mathlib_dbl_invalid  C:\Keil_v5\ARM\ARMCLANG\bin\..\lib\armlib\m_ws.l(dunder.o)
    0x0800c260   0x0000000e   Code   RO        25206    i.__mathlib_dbl_overflow  C:\Keil_v5\ARM\ARMCLANG\bin\..\lib\armlib\m_ws.l(dunder.o)
    0x0800c26e   0x00000002   PAD
    0x0800c270   0x00000010   Code   RO        25208    i.__mathlib_dbl_underflow  C:\Keil_v5\ARM\ARMCLANG\bin\..\lib\armlib\m_ws.l(dunder.o)
    0x0800c280   0x0000000e   Code   RO        24651    i._is_digit         C:\Keil_v5\ARM\ARMCLANG\bin\..\lib\armlib\c_w.l(__printf_wp.o)
    0x0800c28e   0x0000001a   Code   RO        24695    i.fputc             C:\Keil_v5\ARM\ARMCLANG\bin\..\lib\armlib\c_w.l(fputc.o)
    0x0800c2a8   0x000009d8   Code   RO        24932    i.pow               C:\Keil_v5\ARM\ARMCLANG\bin\..\lib\armlib\m_ws.l(pow.o)
    0x0800cc80   0x0000004c   Code   RO        25222    i.sqrt              C:\Keil_v5\ARM\ARMCLANG\bin\..\lib\armlib\m_ws.l(sqrt.o)
    0x0800cccc   0x0000002c   Code   RO        25080    locale$$code        C:\Keil_v5\ARM\ARMCLANG\bin\..\lib\armlib\c_w.l(lc_ctype_c.o)
    0x0800ccf8   0x0000002c   Code   RO        25324    locale$$code        C:\Keil_v5\ARM\ARMCLANG\bin\..\lib\armlib\c_w.l(lc_numeric_c.o)
    0x0800cd24   0x00000150   Code   RO        24806    x$fpl$dadd          C:\Keil_v5\ARM\ARMCLANG\bin\..\lib\armlib\fz_ws.l(daddsub_clz.o)
    0x0800ce74   0x00000010   Code   RO        25361    x$fpl$dcheck1       C:\Keil_v5\ARM\ARMCLANG\bin\..\lib\armlib\fz_ws.l(dcheck1.o)
    0x0800ce84   0x00000018   Code   RO        25363    x$fpl$dcmpinf       C:\Keil_v5\ARM\ARMCLANG\bin\..\lib\armlib\fz_ws.l(dcmpi.o)
    0x0800ce9c   0x000002b0   Code   RO        24815    x$fpl$ddiv          C:\Keil_v5\ARM\ARMCLANG\bin\..\lib\armlib\fz_ws.l(ddiv.o)
    0x0800d14c   0x0000005e   Code   RO        24818    x$fpl$dfix          C:\Keil_v5\ARM\ARMCLANG\bin\..\lib\armlib\fz_ws.l(dfix.o)
    0x0800d1aa   0x0000002e   Code   RO        24827    x$fpl$dflt          C:\Keil_v5\ARM\ARMCLANG\bin\..\lib\armlib\fz_ws.l(dflt_clz.o)
    0x0800d1d8   0x00000078   Code   RO        25152    x$fpl$dleqf         C:\Keil_v5\ARM\ARMCLANG\bin\..\lib\armlib\fz_ws.l(dleqf.o)
    0x0800d250   0x00000154   Code   RO        24832    x$fpl$dmul          C:\Keil_v5\ARM\ARMCLANG\bin\..\lib\armlib\fz_ws.l(dmul.o)
    0x0800d3a4   0x0000009c   Code   RO        25154    x$fpl$dnaninf       C:\Keil_v5\ARM\ARMCLANG\bin\..\lib\armlib\fz_ws.l(dnaninf.o)
    0x0800d440   0x0000000c   Code   RO        25156    x$fpl$dretinf       C:\Keil_v5\ARM\ARMCLANG\bin\..\lib\armlib\fz_ws.l(dretinf.o)
    0x0800d44c   0x0000006c   Code   RO        25158    x$fpl$drleqf        C:\Keil_v5\ARM\ARMCLANG\bin\..\lib\armlib\fz_ws.l(drleqf.o)
    0x0800d4b8   0x00000016   Code   RO        24807    x$fpl$drsb          C:\Keil_v5\ARM\ARMCLANG\bin\..\lib\armlib\fz_ws.l(daddsub_clz.o)
    0x0800d4ce   0x00000002   PAD
    0x0800d4d0   0x000001cc   Code   RO        25365    x$fpl$dsqrt         C:\Keil_v5\ARM\ARMCLANG\bin\..\lib\armlib\fz_ws.l(dsqrt_noumaal.o)
    0x0800d69c   0x000001d4   Code   RO        24808    x$fpl$dsub          C:\Keil_v5\ARM\ARMCLANG\bin\..\lib\armlib\fz_ws.l(daddsub_clz.o)
    0x0800d870   0x00000004   Code   RO        24870    x$fpl$printf1       C:\Keil_v5\ARM\ARMCLANG\bin\..\lib\armlib\fz_ws.l(printf1.o)
    0x0800d874   0x00000004   Code   RO        25170    x$fpl$printf2       C:\Keil_v5\ARM\ARMCLANG\bin\..\lib\armlib\fz_ws.l(printf2.o)
    0x0800d878   0x00000064   Code   RO        25417    x$fpl$retnan        C:\Keil_v5\ARM\ARMCLANG\bin\..\lib\armlib\fz_ws.l(retnan.o)
    0x0800d8dc   0x0000005c   Code   RO        25176    x$fpl$scalbn        C:\Keil_v5\ARM\ARMCLANG\bin\..\lib\armlib\fz_ws.l(scalbn.o)
    0x0800d938   0x00000030   Code   RO        25447    x$fpl$trapveneer    C:\Keil_v5\ARM\ARMCLANG\bin\..\lib\armlib\fz_ws.l(trapv.o)
    0x0800d968   0x00000000   Code   RO        25180    x$fpl$usenofp       C:\Keil_v5\ARM\ARMCLANG\bin\..\lib\armlib\fz_ws.l(usenofp.o)
    0x0800d968   0x00000028   Data   RO        24639    .constdata          C:\Keil_v5\ARM\ARMCLANG\bin\..\lib\armlib\c_w.l(_printf_hex_int_ll_ptr.o)
    0x0800d990   0x00000011   Data   RO        24659    .constdata          C:\Keil_v5\ARM\ARMCLANG\bin\..\lib\armlib\c_w.l(__printf_flags_ss_wp.o)
    0x0800d9a1   0x00000007   PAD
    0x0800d9a8   0x00000088   Data   RO        24933    .constdata          C:\Keil_v5\ARM\ARMCLANG\bin\..\lib\armlib\m_ws.l(pow.o)
    0x0800da30   0x00000008   Data   RO        25015    .constdata          C:\Keil_v5\ARM\ARMCLANG\bin\..\lib\armlib\c_w.l(_printf_wctomb.o)
    0x0800da38   0x00000008   Data   RO        25220    .constdata          C:\Keil_v5\ARM\ARMCLANG\bin\..\lib\armlib\m_ws.l(qnan.o)
    0x0800da40   0x00000026   Data   RO        25246    .constdata          C:\Keil_v5\ARM\ARMCLANG\bin\..\lib\armlib\c_w.l(_printf_fp_hex.o)
    0x0800da66   0x00000002   PAD
    0x0800da68   0x00000094   Data   RO        25269    .constdata          C:\Keil_v5\ARM\ARMCLANG\bin\..\lib\armlib\c_w.l(bigflt0.o)
    0x0800dafc   0x000000a0   Data   RO        21943    .rodata             BUILD/NUCLEO_F103RB/ARM/mbed-os/rtos/source/TARGET_CORTEX/rtx5/RTX/Source/rtx_lib.o
    0x0800db9c   0x00000004   PAD
    0x0800dba0   0x00000018   Data   RO        21750    .rodata..Lswitch.table.error_msg  BUILD/NUCLEO_F103RB/ARM/mbed-os/rtos/source/TARGET_CORTEX/mbed_rtx_handlers.o
    0x0800dbb8   0x00000010   Data   RO        24039    .rodata.AHBPrescTable  BUILD/NUCLEO_F103RB/ARM/mbed-os/targets/TARGET_STM/TARGET_STM32F1/device/system_stm32f1xx.o
    0x0800dbc8   0x00000008   Data   RO        24040    .rodata.APBPrescTable  BUILD/NUCLEO_F103RB/ARM/mbed-os/targets/TARGET_STM/TARGET_STM32F1/device/system_stm32f1xx.o
    0x0800dbd0   0x00000048   Data   RO        22384    .rodata.PinMap_UART_RX  BUILD/NUCLEO_F103RB/ARM/mbed-os/targets/TARGET_STM/TARGET_STM32F1/TARGET_NUCLEO_F103RB/PeripheralPins.o
    0x0800dc18   0x00000048   Data   RO        22383    .rodata.PinMap_UART_TX  BUILD/NUCLEO_F103RB/ARM/mbed-os/targets/TARGET_STM/TARGET_STM32F1/TARGET_NUCLEO_F103RB/PeripheralPins.o
    0x0800dc60   0x00000016   Data   RO           61    .rodata._ZL11ConnectAck0  BUILD/NUCLEO_F103RB/ARM/GSM_MQTT/GSM_MQTT.o
    0x0800dc76   0x00000034   Data   RO           62    .rodata._ZL11ConnectAck1  BUILD/NUCLEO_F103RB/ARM/GSM_MQTT/GSM_MQTT.o
    0x0800dcaa   0x0000002a   Data   RO           63    .rodata._ZL11ConnectAck2  BUILD/NUCLEO_F103RB/ARM/GSM_MQTT/GSM_MQTT.o
    0x0800dcd4   0x00000029   Data   RO           64    .rodata._ZL11ConnectAck3  BUILD/NUCLEO_F103RB/ARM/GSM_MQTT/GSM_MQTT.o
    0x0800dcfd   0x00000030   Data   RO           65    .rodata._ZL11ConnectAck4  BUILD/NUCLEO_F103RB/ARM/GSM_MQTT/GSM_MQTT.o
    0x0800dd2d   0x00000025   Data   RO           66    .rodata._ZL11ConnectAck5  BUILD/NUCLEO_F103RB/ARM/GSM_MQTT/GSM_MQTT.o
    0x0800dd52   0x00000019   Data   RO           50    .rodata._ZL13PUBACKMessage  BUILD/NUCLEO_F103RB/ARM/GSM_MQTT/GSM_MQTT.o
    0x0800dd6b   0x0000002d   Data   RO           51    .rodata._ZL13PUBRECMessage  BUILD/NUCLEO_F103RB/ARM/GSM_MQTT/GSM_MQTT.o
    0x0800dd98   0x0000002c   Data   RO           52    .rodata._ZL13PUBRELMessage  BUILD/NUCLEO_F103RB/ARM/GSM_MQTT/GSM_MQTT.o
    0x0800ddc4   0x0000001b   Data   RO           55    .rodata._ZL13SUBACKMessage  BUILD/NUCLEO_F103RB/ARM/GSM_MQTT/GSM_MQTT.o
    0x0800dddf   0x00000019   Data   RO           48    .rodata._ZL14CONNACKMessage  BUILD/NUCLEO_F103RB/ARM/GSM_MQTT/GSM_MQTT.o
    0x0800ddf8   0x00000026   Data   RO           47    .rodata._ZL14CONNECTMessage  BUILD/NUCLEO_F103RB/ARM/GSM_MQTT/GSM_MQTT.o
    0x0800de1e   0x0000000f   Data   RO           58    .rodata._ZL14PINGREQMessage  BUILD/NUCLEO_F103RB/ARM/GSM_MQTT/GSM_MQTT.o
    0x0800de2d   0x0000002d   Data   RO           53    .rodata._ZL14PUBCOMPMessage  BUILD/NUCLEO_F103RB/ARM/GSM_MQTT/GSM_MQTT.o
    0x0800de5a   0x00000012   Data   RO           49    .rodata._ZL14PUBLISHMessage  BUILD/NUCLEO_F103RB/ARM/GSM_MQTT/GSM_MQTT.o
    0x0800de6c   0x00000010   Data   RO           59    .rodata._ZL15PINGRESPMessage  BUILD/NUCLEO_F103RB/ARM/GSM_MQTT/GSM_MQTT.o
    0x0800de7c   0x0000001d   Data   RO           57    .rodata._ZL15UNSUBACKMessage  BUILD/NUCLEO_F103RB/ARM/GSM_MQTT/GSM_MQTT.o
    0x0800de99   0x0000001b   Data   RO           54    .rodata._ZL16SUBSCRIBEMessage  BUILD/NUCLEO_F103RB/ARM/GSM_MQTT/GSM_MQTT.o
    0x0800deb4   0x0000001a   Data   RO           60    .rodata._ZL17DISCONNECTMessage  BUILD/NUCLEO_F103RB/ARM/GSM_MQTT/GSM_MQTT.o
    0x0800dece   0x0000001d   Data   RO           56    .rodata._ZL18UNSUBSCRIBEMessage  BUILD/NUCLEO_F103RB/ARM/GSM_MQTT/GSM_MQTT.o
    0x0800deeb   0x00000001   PAD
    0x0800deec   0x0000005c   Data   RO        21468    .rodata._ZTV12DirectSerial  BUILD/NUCLEO_F103RB/ARM/mbed-os/platform/source/mbed_retarget.o
    0x0800df48   0x00000018   Data   RO         1568    .rodata._ZTVN4mbed10SerialBaseE  BUILD/NUCLEO_F103RB/ARM/mbed-os/drivers/source/SerialBase.o
    0x0800df60   0x00000018   Data   RO         1354    .rodata._ZTVN4mbed9RawSerialE  BUILD/NUCLEO_F103RB/ARM/mbed-os/drivers/source/RawSerial.o
    0x0800df78   0x0000000c   Data   RO          250    .rodata._ZZN4mbed8CallbackIFvvEE8generateINS2_14method_contextI13PacketHandlerMS5_FvvEEEEEvRKT_E3ops  BUILD/NUCLEO_F103RB/ARM/main.o
    0x0800df84   0x0000000c   Data   RO          249    .rodata._ZZN4mbed8CallbackIFvvEE8generateINS2_14method_contextI13SerialHandlerMS5_FvvEEEEEvRKT_E3ops  BUILD/NUCLEO_F103RB/ARM/main.o
    0x0800df90   0x0000000c   Data   RO          251    .rodata._ZZN4mbed8CallbackIFvvEE8generateINS2_14method_contextI8GSM_MQTTMS5_FvvEEEEEvRKT_E3ops  BUILD/NUCLEO_F103RB/ARM/main.o
    0x0800df9c   0x0000000c   Data   RO          248    .rodata._ZZN4mbed8CallbackIFvvEE8generateIPS1_EEvRKT_E3ops  BUILD/NUCLEO_F103RB/ARM/main.o
    0x0800dfa8   0x00000008   Data   RO        21463    .rodata.__stderr_name  BUILD/NUCLEO_F103RB/ARM/mbed-os/platform/source/mbed_retarget.o
    0x0800dfb0   0x00000007   Data   RO        21461    .rodata.__stdin_name  BUILD/NUCLEO_F103RB/ARM/mbed-os/platform/source/mbed_retarget.o
    0x0800dfb7   0x00000008   Data   RO        21462    .rodata.__stdout_name  BUILD/NUCLEO_F103RB/ARM/mbed-os/platform/source/mbed_retarget.o
    0x0800dfbf   0x00000001   PAD
    0x0800dfc0   0x00000040   Data   RO        24307    .rodata.ll_pin_defines  BUILD/NUCLEO_F103RB/ARM/mbed-os/targets/TARGET_STM/pinmap.o
    0x0800e000   0x00000004   Data   RO        21050    .rodata.mbed_fault_context  BUILD/NUCLEO_F103RB/ARM/mbed-os/platform/source/TARGET_CORTEX_M/mbed_fault_handler.o
    0x0800e004   0x00000004   Data   RO        21945    .rodata.osRtxUserSVC  BUILD/NUCLEO_F103RB/ARM/mbed-os/rtos/source/TARGET_CORTEX/rtx5/RTX/Source/rtx_lib.o
    0x0800e008   0x00000024   Data   RO        21940    .rodata.os_idle_thread_attr  BUILD/NUCLEO_F103RB/ARM/mbed-os/rtos/source/TARGET_CORTEX/rtx5/RTX/Source/rtx_lib.o
    0x0800e02c   0x00000018   Data   RO        21942    .rodata.os_timer_mq_attr  BUILD/NUCLEO_F103RB/ARM/mbed-os/rtos/source/TARGET_CORTEX/rtx5/RTX/Source/rtx_lib.o
    0x0800e044   0x00000024   Data   RO        21941    .rodata.os_timer_thread_attr  BUILD/NUCLEO_F103RB/ARM/mbed-os/rtos/source/TARGET_CORTEX/rtx5/RTX/Source/rtx_lib.o
    0x0800e068   0x000000fe   Data   RO           46    .rodata.str1.1      BUILD/NUCLEO_F103RB/ARM/GSM_MQTT/GSM_MQTT.o
    0x0800e166   0x00000041   Data   RO          124    .rodata.str1.1      BUILD/NUCLEO_F103RB/ARM/SIM800/SIM800.o
    0x0800e1a7   0x00000034   Data   RO          172    .rodata.str1.1      BUILD/NUCLEO_F103RB/ARM/main.o
    0x0800e1db   0x00000045   Data   RO         1430    .rodata.str1.1      BUILD/NUCLEO_F103RB/ARM/mbed-os/drivers/source/SPI.o
    0x0800e220   0x00000026   Data   RO         1776    .rodata.str1.1      BUILD/NUCLEO_F103RB/ARM/mbed-os/drivers/source/Watchdog.o
    0x0800e246   0x00000023   Data   RO         2184    .rodata.str1.1      BUILD/NUCLEO_F103RB/ARM/mbed-os/drivers/source/usb/USBCDC_ECM.o
    0x0800e269   0x000000a5   Data   RO        21051    .rodata.str1.1      BUILD/NUCLEO_F103RB/ARM/mbed-os/platform/source/TARGET_CORTEX_M/mbed_fault_handler.o
    0x0800e30e   0x0000014f   Data   RO        21227    .rodata.str1.1      BUILD/NUCLEO_F103RB/ARM/mbed-os/platform/source/mbed_error.o
    0x0800e45d   0x00000063   Data   RO        21470    .rodata.str1.1      BUILD/NUCLEO_F103RB/ARM/mbed-os/platform/source/mbed_retarget.o
    0x0800e4c0   0x00000047   Data   RO        21551    .rodata.str1.1      BUILD/NUCLEO_F103RB/ARM/mbed-os/platform/source/mbed_wait_api_rtos.o
    0x0800e507   0x00000012   Data   RO        21638    .rodata.str1.1      BUILD/NUCLEO_F103RB/ARM/mbed-os/rtos/source/Mutex.o
    0x0800e519   0x00000138   Data   RO        21749    .rodata.str1.1      BUILD/NUCLEO_F103RB/ARM/mbed-os/rtos/source/TARGET_CORTEX/mbed_rtx_handlers.o
    0x0800e651   0x00000013   Data   RO        21946    .rodata.str1.1      BUILD/NUCLEO_F103RB/ARM/mbed-os/rtos/source/TARGET_CORTEX/rtx5/RTX/Source/rtx_lib.o
    0x0800e664   0x00000025   Data   RO        22317    .rodata.str1.1      BUILD/NUCLEO_F103RB/ARM/mbed-os/rtos/source/ThisThread.o
    0x0800e689   0x00000039   Data   RO        24308    .rodata.str1.1      BUILD/NUCLEO_F103RB/ARM/mbed-os/targets/TARGET_STM/pinmap.o
    0x0800e6c2   0x0000002a   Data   RO        24404    .rodata.str1.1      BUILD/NUCLEO_F103RB/ARM/mbed-os/targets/TARGET_STM/serial_api.o
    0x0800e6ec   0x0000000b   Data   RO        21934    .rodata.str1.4      BUILD/NUCLEO_F103RB/ARM/mbed-os/rtos/source/TARGET_CORTEX/rtx5/RTX/Source/rtx_kernel.o
    0x0800e6f7   0x00000001   PAD
    0x0800e6f8   0x00000008   Data   RO        20652    .rodata.us_data     BUILD/NUCLEO_F103RB/ARM/mbed-os/hal/mbed_us_ticker_api.o
    0x0800e700   0x00000024   Data   RO        20654    .rodata.us_interface  BUILD/NUCLEO_F103RB/ARM/mbed-os/hal/mbed_us_ticker_api.o
    0x0800e724   0x00000008   Data   RO        24490    .rodata.us_ticker_get_info.info  BUILD/NUCLEO_F103RB/ARM/mbed-os/targets/TARGET_STM/us_ticker.o
    0x0800e72c   0x00000020   Data   RO        25475    Region$$Table       anon$$obj.o
    0x0800e74c   0x00000110   Data   RO        25079    locale$$data        C:\Keil_v5\ARM\ARMCLANG\bin\..\lib\armlib\c_w.l(lc_ctype_c.o)
    0x0800e85c   0x0000001c   Data   RO        25323    locale$$data        C:\Keil_v5\ARM\ARMCLANG\bin\..\lib\armlib\c_w.l(lc_numeric_c.o)
    0x0800e878   0x00000004   Data   RO          194    .init_array         BUILD/NUCLEO_F103RB/ARM/main.o
    0x0800e87c   0x00000000   Data   RO        24801    .init_array         C:\Keil_v5\ARM\ARMCLANG\bin\..\lib\armlib\c_w.l(init_aeabi.o)


    Execution Region RW_IRAM1 (Base: 0x200000f0, Size: 0x000026c4, Max: 0x00004b10, ABSOLUTE)

    Base Addr    Size         Type   Attr      Idx    E Section Name        Object

    0x200000f0   0x00000004   Data   RW        24717    .data               C:\Keil_v5\ARM\ARMCLANG\bin\..\lib\armlib\c_w.l(stdio_streams.o)
    0x200000f4   0x00000004   Data   RW        24718    .data               C:\Keil_v5\ARM\ARMCLANG\bin\..\lib\armlib\c_w.l(stdio_streams.o)
    0x200000f8   0x00000004   Data   RW        24719    .data               C:\Keil_v5\ARM\ARMCLANG\bin\..\lib\armlib\c_w.l(stdio_streams.o)
    0x200000fc   0x00000004   Data   RW        25070    .data               C:\Keil_v5\ARM\ARMCLANG\bin\..\lib\armlib\c_w.l(streamlock.o)
    0x20000100   0x00000004   Data   RW        24038    .data.SystemCoreClock  BUILD/NUCLEO_F103RB/ARM/mbed-os/targets/TARGET_STM/TARGET_STM32F1/device/system_stm32f1xx.o
    0x20000104   0x00000004   Data   RW        21510    .data._ZL10_rtc_write  BUILD/NUCLEO_F103RB/ARM/mbed-os/platform/source/mbed_rtc_time.o
    0x20000108   0x00000040   Data   RW        21467    .data._ZL11filehandles  BUILD/NUCLEO_F103RB/ARM/mbed-os/platform/source/mbed_retarget.o
    0x20000148   0x00000004   Data   RW        21511    .data._ZL14_rtc_isenabled  BUILD/NUCLEO_F103RB/ARM/mbed-os/platform/source/mbed_rtc_time.o
    0x2000014c   0x00000004   Data   RW        21758    .data._ZL14idle_hook_fptr  BUILD/NUCLEO_F103RB/ARM/mbed-os/rtos/source/TARGET_CORTEX/mbed_rtx_idle.o
    0x20000150   0x00000004   Data   RW        21509    .data._ZL9_rtc_init  BUILD/NUCLEO_F103RB/ARM/mbed-os/platform/source/mbed_rtc_time.o
    0x20000154   0x00000004   Data   RW        21512    .data._ZL9_rtc_read  BUILD/NUCLEO_F103RB/ARM/mbed-os/platform/source/mbed_rtc_time.o
    0x20000158   0x00000004   Data   RW          176    .data.host          BUILD/NUCLEO_F103RB/ARM/main.o
    0x2000015c   0x00000004   Data   RW        20653    .data.irq_handler   BUILD/NUCLEO_F103RB/ARM/mbed-os/hal/mbed_us_ticker_api.o
    0x20000160   0x000000a4   Data   RW        21935    .data.os            BUILD/NUCLEO_F103RB/ARM/mbed-os/rtos/source/TARGET_CORTEX/rtx5/RTX/Source/rtx_kernel.o
    0x20000204   0x00000004   Data   RW          177    .data.port          BUILD/NUCLEO_F103RB/ARM/main.o
    0x20000208   0x00000004   Data   RW          173    .data.user          BUILD/NUCLEO_F103RB/ARM/main.o
    0x2000020c   0x00000054   Zero   RW        24714    .bss                C:\Keil_v5\ARM\ARMCLANG\bin\..\lib\armlib\c_w.l(stdio_streams.o)
    0x20000260   0x00000054   Zero   RW        24715    .bss                C:\Keil_v5\ARM\ARMCLANG\bin\..\lib\armlib\c_w.l(stdio_streams.o)
    0x200002b4   0x00000054   Zero   RW        24716    .bss                C:\Keil_v5\ARM\ARMCLANG\bin\..\lib\armlib\c_w.l(stdio_streams.o)
    0x20000308   0x00000060   Zero   RW        24946    .bss                C:\Keil_v5\ARM\ARMCLANG\bin\..\lib\armlib\c_w.l(libspace.o)
    0x20000368   0x0000000c   Zero   RW        24506    .bss.IwdgHandle     BUILD/NUCLEO_F103RB/ARM/mbed-os/targets/TARGET_STM/watchdog_api.o
    0x20000374   0x000001e0   Zero   RW          184    .bss.MQTT           BUILD/NUCLEO_F103RB/ARM/main.o
    0x20000554   0x00000001   Zero   RW        22284    .bss.PendST         BUILD/NUCLEO_F103RB/ARM/mbed-os/rtos/source/TARGET_CORTEX/rtx5/Source/os_systick.o
    0x20000555   0x00000003   PAD
    0x20000558   0x00000001   Zero   RW        24368    .bss.RTC_inited     BUILD/NUCLEO_F103RB/ARM/mbed-os/targets/TARGET_STM/rtc_api.o
    0x20000559   0x00000003   PAD
    0x2000055c   0x00000014   Zero   RW        24369    .bss.RtcHandle      BUILD/NUCLEO_F103RB/ARM/mbed-os/targets/TARGET_STM/rtc_api.o
    0x20000570   0x00000040   Zero   RW        24491    .bss.TimMasterHandle  BUILD/NUCLEO_F103RB/ARM/mbed-os/targets/TARGET_STM/us_ticker.o
    0x200005b0   0x00000004   Zero   RW        21476    .bss._ZGVZL15default_consolevE7console  BUILD/NUCLEO_F103RB/ARM/mbed-os/platform/source/mbed_retarget.o
    0x200005b4   0x00000004   Zero   RW         1363    .bss._ZGVZN4mbed11ResetReason3getEvE6reason  BUILD/NUCLEO_F103RB/ARM/mbed-os/drivers/source/ResetReason.o
    0x200005b8   0x00000004   Zero   RW         1365    .bss._ZGVZN4mbed11ResetReason7get_rawEvE6reason  BUILD/NUCLEO_F103RB/ARM/mbed-os/drivers/source/ResetReason.o
    0x200005bc   0x00000004   Zero   RW          247    .bss._ZGVZN4mbed8Watchdog12get_instanceEvE8instance  BUILD/NUCLEO_F103RB/ARM/main.o
    0x200005c0   0x00000028   Zero   RW        21466    .bss._ZL16filehandle_mutex  BUILD/NUCLEO_F103RB/ARM/mbed-os/platform/source/mbed_retarget.o
    0x200005e8   0x00000028   Zero   RW        21508    .bss._ZL6_mutex     BUILD/NUCLEO_F103RB/ARM/mbed-os/platform/source/mbed_rtc_time.o
    0x20000610   0x00000004   Zero   RW        20714    .bss._ZN10CThunkBase17_cthunk_free_realE  BUILD/NUCLEO_F103RB/ARM/mbed-os/platform/source/CThunkBase.o
    0x20000614   0x00000004   Zero   RW        20795    .bss._ZN4mbed8FileBase5_headE  BUILD/NUCLEO_F103RB/ARM/mbed-os/platform/source/FileBase.o
    0x20000618   0x00000028   Zero   RW        20796    .bss._ZN4mbed8FileBase6_mutexE  BUILD/NUCLEO_F103RB/ARM/mbed-os/platform/source/FileBase.o
    0x20000640   0x00000004   Zero   RW        20797    .bss._ZN4mbed8FileBase8_defaultE  BUILD/NUCLEO_F103RB/ARM/mbed-os/platform/source/FileBase.o
    0x20000644   0x00000004   Zero   RW        21475    .bss._ZZL15default_consolevE7console  BUILD/NUCLEO_F103RB/ARM/mbed-os/platform/source/mbed_retarget.o
    0x20000648   0x00000001   Zero   RW         1362    .bss._ZZN4mbed11ResetReason3getEvE6reason  BUILD/NUCLEO_F103RB/ARM/mbed-os/drivers/source/ResetReason.o
    0x20000649   0x00000003   PAD
    0x2000064c   0x00000004   Zero   RW         1364    .bss._ZZN4mbed11ResetReason7get_rawEvE6reason  BUILD/NUCLEO_F103RB/ARM/mbed-os/drivers/source/ResetReason.o
    0x20000650   0x00000001   Zero   RW          246    .bss._ZZN4mbed8Watchdog12get_instanceEvE8instance  BUILD/NUCLEO_F103RB/ARM/main.o
    0x20000651   0x00000003   PAD
    0x20000654   0x00000004   Zero   RW        21613    .bss._ZZN4rtos6Kernel12get_ms_countEvE6tick_h  BUILD/NUCLEO_F103RB/ARM/mbed-os/rtos/source/Kernel.o
    0x20000658   0x00000004   Zero   RW        21614    .bss._ZZN4rtos6Kernel12get_ms_countEvE6tick_l  BUILD/NUCLEO_F103RB/ARM/mbed-os/rtos/source/Kernel.o
    0x2000065c   0x00000004   PAD
    0x20000660   0x00001000   Zero   RW        21713    .bss._main_stack    BUILD/NUCLEO_F103RB/ARM/mbed-os/rtos/source/TARGET_CORTEX/mbed_rtos_rtx.o
    0x20001660   0x00000024   Zero   RW        21714    .bss._main_thread_attr  BUILD/NUCLEO_F103RB/ARM/mbed-os/rtos/source/TARGET_CORTEX/mbed_rtos_rtx.o
    0x20001684   0x00000020   Zero   RW        21690    .bss._static_mutexes  BUILD/NUCLEO_F103RB/ARM/mbed-os/rtos/source/TARGET_CORTEX/TOOLCHAIN_ARM_STD/mbed_boot_arm_std.o
    0x200016a4   0x000000e0   Zero   RW        21691    .bss._static_mutexes_mem  BUILD/NUCLEO_F103RB/ARM/mbed-os/rtos/source/TARGET_CORTEX/TOOLCHAIN_ARM_STD/mbed_boot_arm_std.o
    0x20001784   0x00000004   Zero   RW        24163    .bss.can_irq_ids    BUILD/NUCLEO_F103RB/ARM/mbed-os/targets/TARGET_STM/can_api.o
    0x20001788   0x00000004   Zero   RW          175    .bss.clID           BUILD/NUCLEO_F103RB/ARM/main.o
    0x2000178c   0x00000001   Zero   RW        20555    .bss.critical_interrupts_enabled  BUILD/NUCLEO_F103RB/ARM/mbed-os/hal/mbed_critical_section_api.o
    0x2000178d   0x00000003   PAD
    0x20001790   0x00000004   Zero   RW        21179    .bss.critical_section_reentrancy_counter  BUILD/NUCLEO_F103RB/ARM/mbed-os/platform/source/mbed_critical.o
    0x20001794   0x00000002   Zero   RW        21299    .bss.deep_sleep_lock  BUILD/NUCLEO_F103RB/ARM/mbed-os/platform/source/mbed_power_mgmt.o
    0x20001796   0x00000002   PAD
    0x20001798   0x0000000c   Zero   RW          193    .bss.devices        BUILD/NUCLEO_F103RB/ARM/main.o
    0x200017a4   0x00000004   Zero   RW        24215    .bss.elapsed_time   BUILD/NUCLEO_F103RB/ARM/mbed-os/targets/TARGET_STM/hal_tick_overrides.o
    0x200017a8   0x00000004   Zero   RW        21224    .bss.error_count    BUILD/NUCLEO_F103RB/ARM/mbed-os/platform/source/mbed_error.o
    0x200017ac   0x00000004   Zero   RW        21225    .bss.error_hook     BUILD/NUCLEO_F103RB/ARM/mbed-os/platform/source/mbed_error.o
    0x200017b0   0x00000001   Zero   RW        21221    .bss.error_in_progress  BUILD/NUCLEO_F103RB/ARM/mbed-os/platform/source/mbed_error.o
    0x200017b1   0x00000003   PAD
    0x200017b4   0x0000005c   Zero   RW          179    .bss.ev_queue       BUILD/NUCLEO_F103RB/ARM/main.o
    0x20001810   0x00000040   Zero   RW        20655    .bss.events         BUILD/NUCLEO_F103RB/ARM/mbed-os/hal/mbed_us_ticker_api.o
    0x20001850   0x00000054   Zero   RW        21049    .bss.fault_context  BUILD/NUCLEO_F103RB/ARM/mbed-os/platform/source/TARGET_CORTEX_M/mbed_fault_handler.o
    0x200018a4   0x00000034   Zero   RW        21223    .bss.first_error_ctx  BUILD/NUCLEO_F103RB/ARM/mbed-os/platform/source/mbed_error.o
    0x200018d8   0x00000001   Zero   RW        21226    .bss.halt_in_progress  BUILD/NUCLEO_F103RB/ARM/mbed-os/platform/source/mbed_error.o
    0x200018d9   0x00000003   PAD
    0x200018dc   0x00000004   Zero   RW        24104    .bss.irq_handler    BUILD/NUCLEO_F103RB/ARM/mbed-os/targets/TARGET_STM/TARGET_STM32F1/serial_device.o
    0x200018e0   0x00000004   Zero   RW        24162    .bss.irq_handler    BUILD/NUCLEO_F103RB/ARM/mbed-os/targets/TARGET_STM/can_api.o
    0x200018e4   0x0000000c   Zero   RW          192    .bss.known_devices  BUILD/NUCLEO_F103RB/ARM/main.o
    0x200018f0   0x00000034   Zero   RW        21222    .bss.last_error_ctx  BUILD/NUCLEO_F103RB/ARM/mbed-os/platform/source/mbed_error.o
    0x20001924   0x0000001c   Zero   RW          187    .bss.led            BUILD/NUCLEO_F103RB/ARM/main.o
    0x20001940   0x0000001c   Zero   RW          188    .bss.led_net        BUILD/NUCLEO_F103RB/ARM/main.o
    0x2000195c   0x0000001c   Zero   RW          189    .bss.led_scan       BUILD/NUCLEO_F103RB/ARM/main.o
    0x20001978   0x00000004   Zero   RW        21465    .bss.mbed_heap_size  BUILD/NUCLEO_F103RB/ARM/mbed-os/platform/source/mbed_retarget.o
    0x2000197c   0x00000004   Zero   RW        21464    .bss.mbed_heap_start  BUILD/NUCLEO_F103RB/ARM/mbed-os/platform/source/mbed_retarget.o
    0x20001980   0x00000004   Zero   RW        24301    .bss.mbed_sdk_inited  BUILD/NUCLEO_F103RB/ARM/mbed-os/targets/TARGET_STM/mbed_overrides.o
    0x20001984   0x00000004   Zero   RW        21705    .bss.mbed_stack_isr_size  BUILD/NUCLEO_F103RB/ARM/mbed-os/rtos/source/TARGET_CORTEX/mbed_boot.o
    0x20001988   0x00000004   Zero   RW        21704    .bss.mbed_stack_isr_start  BUILD/NUCLEO_F103RB/ARM/mbed-os/rtos/source/TARGET_CORTEX/mbed_boot.o
    0x2000198c   0x000000b4   Zero   RW          182    .bss.nrf            BUILD/NUCLEO_F103RB/ARM/main.o
    0x20001a40   0x00000064   Zero   RW          190    .bss.nrf_in_data    BUILD/NUCLEO_F103RB/ARM/main.o
    0x20001aa4   0x00000040   Zero   RW        21939    .bss.os             BUILD/NUCLEO_F103RB/ARM/mbed-os/rtos/source/TARGET_CORTEX/rtx5/RTX/Source/rtx_lib.o
    0x20001ae4   0x000001f0   Zero   RW        21689    .bss.os.libspace    BUILD/NUCLEO_F103RB/ARM/mbed-os/rtos/source/TARGET_CORTEX/TOOLCHAIN_ARM_STD/mbed_boot_arm_std.o
    0x20001cd4   0x00000034   Zero   RW        21949    .bss.os.msgqueue.cb  BUILD/NUCLEO_F103RB/ARM/mbed-os/rtos/source/TARGET_CORTEX/rtx5/RTX/Source/rtx_lib.o
    0x20001d08   0x00000050   Zero   RW        21950    .bss.os.msgqueue.mem  BUILD/NUCLEO_F103RB/ARM/mbed-os/rtos/source/TARGET_CORTEX/rtx5/RTX/Source/rtx_lib.o
    0x20001d58   0x00000044   Zero   RW        21715    .bss.os.thread.cb   BUILD/NUCLEO_F103RB/ARM/mbed-os/rtos/source/TARGET_CORTEX/mbed_rtos_rtx.o
    0x20001d9c   0x00000088   Zero   RW        21947    .bss.os.thread.cb   BUILD/NUCLEO_F103RB/ARM/mbed-os/rtos/source/TARGET_CORTEX/rtx5/RTX/Source/rtx_lib.o
    0x20001e24   0x00000004   PAD
    0x20001e28   0x00000500   Zero   RW        21948    .bss.os.thread.stack  BUILD/NUCLEO_F103RB/ARM/mbed-os/rtos/source/TARGET_CORTEX/rtx5/RTX/Source/rtx_lib.o
    0x20002328   0x00000001   Zero   RW        21692    .bss.os_kernel_is_active.os_kernel_active  BUILD/NUCLEO_F103RB/ARM/mbed-os/rtos/source/TARGET_CORTEX/TOOLCHAIN_ARM_STD/mbed_boot_arm_std.o
    0x20002329   0x00000003   PAD
    0x2000232c   0x00000004   Zero   RW          174    .bss.pass           BUILD/NUCLEO_F103RB/ARM/main.o
    0x20002330   0x000000b4   Zero   RW          181    .bss.pc             BUILD/NUCLEO_F103RB/ARM/main.o
    0x200023e4   0x00000004   Zero   RW        24214    .bss.prev_time      BUILD/NUCLEO_F103RB/ARM/mbed-os/targets/TARGET_STM/hal_tick_overrides.o
    0x200023e8   0x0000003c   Zero   RW          183    .bss.ser            BUILD/NUCLEO_F103RB/ARM/main.o
    0x20002424   0x000000b4   Zero   RW          180    .bss.serial         BUILD/NUCLEO_F103RB/ARM/main.o
    0x200024d8   0x00000001   Zero   RW          191    .bss.serial_index   BUILD/NUCLEO_F103RB/ARM/main.o
    0x200024d9   0x00000003   PAD
    0x200024dc   0x0000000c   Zero   RW        24103    .bss.serial_irq_ids  BUILD/NUCLEO_F103RB/ARM/mbed-os/targets/TARGET_STM/TARGET_STM32F1/serial_device.o
    0x200024e8   0x0000003c   Zero   RW          186    .bss.sim800         BUILD/NUCLEO_F103RB/ARM/main.o
    0x20002524   0x00000010   Zero   RW        21711    .bss.singleton_mutex_attr  BUILD/NUCLEO_F103RB/ARM/mbed-os/rtos/source/TARGET_CORTEX/mbed_rtos_rtx.o
    0x20002534   0x00000004   Zero   RW        21716    .bss.singleton_mutex_id  BUILD/NUCLEO_F103RB/ARM/mbed-os/rtos/source/TARGET_CORTEX/mbed_rtos_rtx.o
    0x20002538   0x0000001c   Zero   RW        21712    .bss.singleton_mutex_obj  BUILD/NUCLEO_F103RB/ARM/mbed-os/rtos/source/TARGET_CORTEX/mbed_rtos_rtx.o
    0x20002554   0x00000001   Zero   RW        20554    .bss.state_saved    BUILD/NUCLEO_F103RB/ARM/mbed-os/hal/mbed_critical_section_api.o
    0x20002555   0x00000003   PAD
    0x20002558   0x0000004c   Zero   RW        24405    .bss.stdio_uart     BUILD/NUCLEO_F103RB/ARM/mbed-os/targets/TARGET_STM/serial_api.o
    0x200025a4   0x00000004   Zero   RW        24403    .bss.stdio_uart_inited  BUILD/NUCLEO_F103RB/ARM/mbed-os/targets/TARGET_STM/serial_api.o
    0x200025a8   0x00000138   Zero   RW          185    .bss.tcp            BUILD/NUCLEO_F103RB/ARM/main.o
    0x200026e0   0x00000004   Zero   RW        21748    .bss.terminate_hook  BUILD/NUCLEO_F103RB/ARM/mbed-os/rtos/source/TARGET_CORTEX/mbed_rtx_handlers.o
    0x200026e4   0x00000004   Zero   RW        24493    .bss.timer_ccr1_reg  BUILD/NUCLEO_F103RB/ARM/mbed-os/targets/TARGET_STM/us_ticker.o
    0x200026e8   0x00000004   Zero   RW        24492    .bss.timer_cnt_reg  BUILD/NUCLEO_F103RB/ARM/mbed-os/targets/TARGET_STM/us_ticker.o
    0x200026ec   0x00000004   Zero   RW        24494    .bss.timer_dier_reg  BUILD/NUCLEO_F103RB/ARM/mbed-os/targets/TARGET_STM/us_ticker.o
    0x200026f0   0x000000c0   Zero   RW        24105    .bss.uart_handlers  BUILD/NUCLEO_F103RB/ARM/mbed-os/targets/TARGET_STM/TARGET_STM32F1/serial_device.o
    0x200027b0   0x00000004   Zero   RW          178    .bss.watchdog       BUILD/NUCLEO_F103RB/ARM/main.o


    Execution Region ARM_LIB_HEAP (Base: 0x200027c0, Size: 0x00002350, Max: 0x00002350, ABSOLUTE)

    Base Addr    Size         Type   Attr      Idx    E Section Name        Object

    0x200027c0   0x00002350   Zero   RW            1    ARM_LIB_HEAP.bss    anon$$obj.o


    Execution Region ARM_LIB_STACK (Base: 0x20004c00, Size: 0x00000400, Max: 0x00000400, ABSOLUTE)

    Base Addr    Size         Type   Attr      Idx    E Section Name        Object

    0x20004c00   0x00000400   Zero   RW            2    ARM_LIB_STACK.bss   anon$$obj.o


==============================================================================

Image component sizes


      Code (inc. data)   RO Data    RW Data    ZI Data      Debug   

     38478       3156       3392        268      19356        460   Object Totals
         0          0         32          0      10064          0   (incl. Generated)
        38          0          7          0         40          0   (incl. Padding)
     16942        930        704         16        348      10580   Library Totals
        28          0          9          0          0          0   (incl. Padding)

==============================================================================


      Code (inc. data)   RO Data    RW Data    ZI Data      Debug   

     55420       4086       4096        284      19704       5056   Grand Totals
     55420       4086       4096        284      19704       5056   ELF Image Totals
     55420       4086       4096        284          0          0   ROM Totals

==============================================================================

    Total RO  Size (Code + RO Data)                59516 (  58.12kB)
    Total RW  Size (RW Data + ZI Data)             19988 (  19.52kB)
    Total ROM Size (Code + RO Data + RW Data)      59800 (  58.40kB)

==============================================================================

